Archive member included to satisfy reference by file (symbol)

C:/ST/STM32CubeIDE_1.10.0/STM32CubeIDE/plugins/com.st.stm32cube.ide.mcu.externaltools.gnu-tools-for-stm32.11.3.rel1.win32_1.1.100.202309141235/tools/bin/../lib/gcc/arm-none-eabi/11.3.1/../../../../arm-none-eabi/lib/thumb/v6-m/nofp\libc_nano.a(libc_a-exit.o)
                              C:/ST/STM32CubeIDE_1.10.0/STM32CubeIDE/plugins/com.st.stm32cube.ide.mcu.externaltools.gnu-tools-for-stm32.11.3.rel1.win32_1.1.100.202309141235/tools/bin/../lib/gcc/arm-none-eabi/11.3.1/../../../../arm-none-eabi/lib/thumb/v6-m/nofp/crt0.o (exit)
C:/ST/STM32CubeIDE_1.10.0/STM32CubeIDE/plugins/com.st.stm32cube.ide.mcu.externaltools.gnu-tools-for-stm32.11.3.rel1.win32_1.1.100.202309141235/tools/bin/../lib/gcc/arm-none-eabi/11.3.1/../../../../arm-none-eabi/lib/thumb/v6-m/nofp\libc_nano.a(libc_a-findfp.o)
                              C:/ST/STM32CubeIDE_1.10.0/STM32CubeIDE/plugins/com.st.stm32cube.ide.mcu.externaltools.gnu-tools-for-stm32.11.3.rel1.win32_1.1.100.202309141235/tools/bin/../lib/gcc/arm-none-eabi/11.3.1/../../../../arm-none-eabi/lib/thumb/v6-m/nofp\libc_nano.a(libc_a-exit.o) (__stdio_exit_handler)
C:/ST/STM32CubeIDE_1.10.0/STM32CubeIDE/plugins/com.st.stm32cube.ide.mcu.externaltools.gnu-tools-for-stm32.11.3.rel1.win32_1.1.100.202309141235/tools/bin/../lib/gcc/arm-none-eabi/11.3.1/../../../../arm-none-eabi/lib/thumb/v6-m/nofp\libc_nano.a(libc_a-fwalk.o)
                              C:/ST/STM32CubeIDE_1.10.0/STM32CubeIDE/plugins/com.st.stm32cube.ide.mcu.externaltools.gnu-tools-for-stm32.11.3.rel1.win32_1.1.100.202309141235/tools/bin/../lib/gcc/arm-none-eabi/11.3.1/../../../../arm-none-eabi/lib/thumb/v6-m/nofp\libc_nano.a(libc_a-findfp.o) (_fwalk_sglue)
C:/ST/STM32CubeIDE_1.10.0/STM32CubeIDE/plugins/com.st.stm32cube.ide.mcu.externaltools.gnu-tools-for-stm32.11.3.rel1.win32_1.1.100.202309141235/tools/bin/../lib/gcc/arm-none-eabi/11.3.1/../../../../arm-none-eabi/lib/thumb/v6-m/nofp\libc_nano.a(libc_a-stdio.o)
                              C:/ST/STM32CubeIDE_1.10.0/STM32CubeIDE/plugins/com.st.stm32cube.ide.mcu.externaltools.gnu-tools-for-stm32.11.3.rel1.win32_1.1.100.202309141235/tools/bin/../lib/gcc/arm-none-eabi/11.3.1/../../../../arm-none-eabi/lib/thumb/v6-m/nofp\libc_nano.a(libc_a-findfp.o) (__sread)
C:/ST/STM32CubeIDE_1.10.0/STM32CubeIDE/plugins/com.st.stm32cube.ide.mcu.externaltools.gnu-tools-for-stm32.11.3.rel1.win32_1.1.100.202309141235/tools/bin/../lib/gcc/arm-none-eabi/11.3.1/../../../../arm-none-eabi/lib/thumb/v6-m/nofp\libc_nano.a(libc_a-memset.o)
                              C:/ST/STM32CubeIDE_1.10.0/STM32CubeIDE/plugins/com.st.stm32cube.ide.mcu.externaltools.gnu-tools-for-stm32.11.3.rel1.win32_1.1.100.202309141235/tools/bin/../lib/gcc/arm-none-eabi/11.3.1/../../../../arm-none-eabi/lib/thumb/v6-m/nofp/crt0.o (memset)
C:/ST/STM32CubeIDE_1.10.0/STM32CubeIDE/plugins/com.st.stm32cube.ide.mcu.externaltools.gnu-tools-for-stm32.11.3.rel1.win32_1.1.100.202309141235/tools/bin/../lib/gcc/arm-none-eabi/11.3.1/../../../../arm-none-eabi/lib/thumb/v6-m/nofp\libc_nano.a(libc_a-closer.o)
                              C:/ST/STM32CubeIDE_1.10.0/STM32CubeIDE/plugins/com.st.stm32cube.ide.mcu.externaltools.gnu-tools-for-stm32.11.3.rel1.win32_1.1.100.202309141235/tools/bin/../lib/gcc/arm-none-eabi/11.3.1/../../../../arm-none-eabi/lib/thumb/v6-m/nofp\libc_nano.a(libc_a-stdio.o) (_close_r)
C:/ST/STM32CubeIDE_1.10.0/STM32CubeIDE/plugins/com.st.stm32cube.ide.mcu.externaltools.gnu-tools-for-stm32.11.3.rel1.win32_1.1.100.202309141235/tools/bin/../lib/gcc/arm-none-eabi/11.3.1/../../../../arm-none-eabi/lib/thumb/v6-m/nofp\libc_nano.a(libc_a-reent.o)
                              C:/ST/STM32CubeIDE_1.10.0/STM32CubeIDE/plugins/com.st.stm32cube.ide.mcu.externaltools.gnu-tools-for-stm32.11.3.rel1.win32_1.1.100.202309141235/tools/bin/../lib/gcc/arm-none-eabi/11.3.1/../../../../arm-none-eabi/lib/thumb/v6-m/nofp\libc_nano.a(libc_a-closer.o) (errno)
C:/ST/STM32CubeIDE_1.10.0/STM32CubeIDE/plugins/com.st.stm32cube.ide.mcu.externaltools.gnu-tools-for-stm32.11.3.rel1.win32_1.1.100.202309141235/tools/bin/../lib/gcc/arm-none-eabi/11.3.1/../../../../arm-none-eabi/lib/thumb/v6-m/nofp\libc_nano.a(libc_a-impure.o)
                              C:/ST/STM32CubeIDE_1.10.0/STM32CubeIDE/plugins/com.st.stm32cube.ide.mcu.externaltools.gnu-tools-for-stm32.11.3.rel1.win32_1.1.100.202309141235/tools/bin/../lib/gcc/arm-none-eabi/11.3.1/../../../../arm-none-eabi/lib/thumb/v6-m/nofp\libc_nano.a(libc_a-reent.o) (_impure_ptr)
C:/ST/STM32CubeIDE_1.10.0/STM32CubeIDE/plugins/com.st.stm32cube.ide.mcu.externaltools.gnu-tools-for-stm32.11.3.rel1.win32_1.1.100.202309141235/tools/bin/../lib/gcc/arm-none-eabi/11.3.1/../../../../arm-none-eabi/lib/thumb/v6-m/nofp\libc_nano.a(libc_a-lseekr.o)
[...]
Memory Configuration

Name             Origin             Length             Attributes
RAM              0x0000000020000000 0x0000000000002000 xrw
FLASH            0x0000000008000000 0x0000000000008000 xr
*default*        0x0000000000000000 0xffffffffffffffff

Linker script and memory map

LOAD C:/ST/STM32CubeIDE_1.10.0/STM32CubeIDE/plugins/com.st.stm32cube.ide.mcu.externaltools.gnu-tools-for-stm32.11.3.rel1.win32_1.1.100.202309141235/tools/bin/../lib/gcc/arm-none-eabi/11.3.1/thumb/v6-m/nofp/crti.o
LOAD C:/ST/STM32CubeIDE_1.10.0/STM32CubeIDE/plugins/com.st.stm32cube.ide.mcu.externaltools.gnu-tools-for-stm32.11.3.rel1.win32_1.1.100.202309141235/tools/bin/../lib/gcc/arm-none-eabi/11.3.1/thumb/v6-m/nofp/crtbegin.o
LOAD C:/ST/STM32CubeIDE_1.10.0/STM32CubeIDE/plugins/com.st.stm32cube.ide.mcu.externaltools.gnu-tools-for-stm32.11.3.rel1.win32_1.1.100.202309141235/tools/bin/../lib/gcc/arm-none-eabi/11.3.1/../../../../arm-none-eabi/lib/thumb/v6-m/nofp/crt0.o
LOAD ./Core/Src/main.o
LOAD ./Core/Src/stm32g0xx_hal_msp.o
LOAD ./Core/Src/stm32g0xx_it.o
LOAD ./Core/Src/syscalls.o
LOAD ./Core/Src/sysmem.o
LOAD ./Core/Src/system_stm32g0xx.o
LOAD ./Core/Startup/startup_stm32g030f6px.o
LOAD ./Drivers/STM32G0xx_HAL_Driver/Src/stm32g0xx_hal.o
LOAD ./Drivers/STM32G0xx_HAL_Driver/Src/stm32g0xx_hal_cortex.o
LOAD ./Drivers/STM32G0xx_HAL_Driver/Src/stm32g0xx_hal_dma.o
LOAD ./Drivers/STM32G0xx_HAL_Driver/Src/stm32g0xx_hal_dma_ex.o
LOAD ./Drivers/STM32G0xx_HAL_Driver/Src/stm32g0xx_hal_exti.o
LOAD ./Drivers/STM32G0xx_HAL_Driver/Src/stm32g0xx_hal_flash.o
LOAD ./Drivers/STM32G0xx_HAL_Driver/Src/stm32g0xx_hal_flash_ex.o
LOAD ./Drivers/STM32G0xx_HAL_Driver/Src/stm32g0xx_hal_gpio.o
LOAD ./Drivers/STM32G0xx_HAL_Driver/Src/stm32g0xx_hal_pwr.o
LOAD ./Drivers/STM32G0xx_HAL_Driver/Src/stm32g0xx_hal_pwr_ex.o
LOAD ./Drivers/STM32G0xx_HAL_Driver/Src/stm32g0xx_hal_rcc.o
LOAD ./Drivers/STM32G0xx_HAL_Driver/Src/stm32g0xx_hal_rcc_ex.o
LOAD ./Drivers/STM32G0xx_HAL_Driver/Src/stm32g0xx_hal_tim.o
LOAD ./Drivers/STM32G0xx_HAL_Driver/Src/stm32g0xx_hal_tim_ex.o
LOAD ./Drivers/STM32G0xx_HAL_Driver/Src/stm32g0xx_ll_dma.o
LOAD ./Drivers/STM32G0xx_HAL_Driver/Src/stm32g0xx_ll_exti.o
LOAD ./Drivers/STM32G0xx_HAL_Driver/Src/stm32g0xx_ll_gpio.o
LOAD ./Drivers/STM32G0xx_HAL_Driver/Src/stm32g0xx_ll_rcc.o
LOAD ./Drivers/STM32G0xx_HAL_Driver/Src/stm32g0xx_ll_tim.o
LOAD ./Drivers/STM32G0xx_HAL_Driver/Src/stm32g0xx_ll_usart.o
LOAD ./Drivers/STM32G0xx_HAL_Driver/Src/stm32g0xx_ll_utils.o
START GROUP
LOAD C:/ST/STM32CubeIDE_1.10.0/STM32CubeIDE/plugins/com.st.stm32cube.ide.mcu.externaltools.gnu-tools-for-stm32.11.3.rel1.win32_1.1.100.202309141235/tools/bin/../lib/gcc/arm-none-eabi/11.3.1/../../../../arm-none-eabi/lib/thumb/v6-m/nofp\libc_nano.a
LOAD C:/ST/STM32CubeIDE_1.10.0/STM32CubeIDE/plugins/com.st.stm32cube.ide.mcu.externaltools.gnu-tools-for-stm32.11.3.rel1.win32_1.1.100.202309141235/tools/bin/../lib/gcc/arm-none-eabi/11.3.1/../../../../arm-none-eabi/lib/thumb/v6-m/nofp\libm.a
END GROUP
START GROUP
LOAD C:/ST/STM32CubeIDE_1.10.0/STM32CubeIDE/plugins/com.st.stm32cube.ide.mcu.externaltools.gnu-tools-for-stm32.11.3.rel1.win32_1.1.100.202309141235/tools/bin/../lib/gcc/arm-none-eabi/11.3.1/thumb/v6-m/nofp\libgcc.a
LOAD C:/ST/STM32CubeIDE_1.10.0/STM32CubeIDE/plugins/com.st.stm32cube.ide.mcu.externaltools.gnu-tools-for-stm32.11.3.rel1.win32_1.1.100.202309141235/tools/bin/../lib/gcc/arm-none-eabi/11.3.1/../../../../arm-none-eabi/lib/thumb/v6-m/nofp\libc_nano.a
END GROUP
START GROUP
LOAD C:/ST/STM32CubeIDE_1.10.0/STM32CubeIDE/plugins/com.st.stm32cube.ide.mcu.externaltools.gnu-tools-for-stm32.11.3.rel1.win32_1.1.100.202309141235/tools/bin/../lib/gcc/arm-none-eabi/11.3.1/thumb/v6-m/nofp\libgcc.a
LOAD C:/ST/STM32CubeIDE_1.10.0/STM32CubeIDE/plugins/com.st.stm32cube.ide.mcu.externaltools.gnu-tools-for-stm32.11.3.rel1.win32_1.1.100.202309141235/tools/bin/../lib/gcc/arm-none-eabi/11.3.1/../../../../arm-none-eabi/lib/thumb/v6-m/nofp\libc_nano.a
LOAD C:/ST/STM32CubeIDE_1.10.0/STM32CubeIDE/plugins/com.st.stm32cube.ide.mcu.externaltools.gnu-tools-for-stm32.11.3.rel1.win32_1.1.100.202309141235/tools/bin/../lib/gcc/arm-none-eabi/11.3.1/../../../../arm-none-eabi/lib/thumb/v6-m/nofp\libnosys.a
END GROUP
START GROUP
LOAD C:/ST/STM32CubeIDE_1.10.0/STM32CubeIDE/plugins/com.st.stm32cube.ide.mcu.externaltools.gnu-tools-for-stm32.11.3.rel1.win32_1.1.100.202309141235/tools/bin/../lib/gcc/arm-none-eabi/11.3.1/thumb/v6-m/nofp\libgcc.a
LOAD C:/ST/STM32CubeIDE_1.10.0/STM32CubeIDE/plugins/com.st.stm32cube.ide.mcu.externaltools.gnu-tools-for-stm32.11.3.rel1.win32_1.1.100.202309141235/tools/bin/../lib/gcc/arm-none-eabi/11.3.1/../../../../arm-none-eabi/lib/thumb/v6-m/nofp\libc_nano.a
LOAD C:/ST/STM32CubeIDE_1.10.0/STM32CubeIDE/plugins/com.st.stm32cube.ide.mcu.externaltools.gnu-tools-for-stm32.11.3.rel1.win32_1.1.100.202309141235/tools/bin/../lib/gcc/arm-none-eabi/11.3.1/../../../../arm-none-eabi/lib/thumb/v6-m/nofp\libnosys.a
END GROUP
LOAD C:/ST/STM32CubeIDE_1.10.0/STM32CubeIDE/plugins/com.st.stm32cube.ide.mcu.externaltools.gnu-tools-for-stm32.11.3.rel1.win32_1.1.100.202309141235/tools/bin/../lib/gcc/arm-none-eabi/11.3.1/thumb/v6-m/nofp/crtend.o
LOAD C:/ST/STM32CubeIDE_1.10.0/STM32CubeIDE/plugins/com.st.stm32cube.ide.mcu.externaltools.gnu-tools-for-stm32.11.3.rel1.win32_1.1.100.202309141235/tools/bin/../lib/gcc/arm-none-eabi/11.3.1/thumb/v6-m/nofp/crtn.o
                0x0000000020002000                _estack = (ORIGIN (RAM) + LENGTH (RAM))
                0x0000000000000200                _Min_Heap_Size = 0x200
                0x0000000000000400                _Min_Stack_Size = 0x400

.isr_vector     0x0000000008000000       0xb8
                0x0000000008000000                . = ALIGN (0x4)
 *(.isr_vector)
 .isr_vector    0x0000000008000000       0xb8 ./Core/Startup/startup_stm32g030f6px.o
                0x0000000008000000                g_pfnVectors
                0x00000000080000b8                . = ALIGN (0x4)

.text           0x00000000080000b8     0x2a2c
                0x00000000080000b8                . = ALIGN (0x4)
 *(.text)
 .text          0x00000000080000b8       0x48 C:/ST/STM32CubeIDE_1.10.0/STM32CubeIDE/plugins/com.st.stm32cube.ide.mcu.externaltools.gnu-tools-for-stm32.11.3.rel1.win32_1.1.100.202309141235/tools/bin/../lib/gcc/arm-none-eabi/11.3.1/thumb/v6-m/nofp/crtbegin.o
 .text          0x0000000008000100      0x114 C:/ST/STM32CubeIDE_1.10.0/STM32CubeIDE/plugins/com.st.stm32cube.ide.mcu.externaltools.gnu-tools-for-stm32.11.3.rel1.win32_1.1.100.202309141235/tools/bin/../lib/gcc/arm-none-eabi/11.3.1/thumb/v6-m/nofp\libgcc.a(_udivsi3.o)
                0x0000000008000100                __aeabi_uidiv
                0x0000000008000100                __udivsi3
                0x000000000800020c                __aeabi_uidivmod
 .text          0x0000000008000214        0x4 C:/ST/STM32CubeIDE_1.10.0/STM32CubeIDE/plugins/com.st.stm32cube.ide.mcu.externaltools.gnu-tools-for-stm32.11.3.rel1.win32_1.1.100.202309141235/tools/bin/../lib/gcc/arm-none-eabi/11.3.1/thumb/v6-m/nofp\libgcc.a(_dvmd_tls.o)
                0x0000000008000214                __aeabi_idiv0
                0x0000000008000214                __aeabi_ldiv0
 *(.text*)
 .text.__NVIC_EnableIRQ
                0x0000000008000218       0x34 ./Core/Src/main.o
 .text.__NVIC_SetPriority
                0x000000000800024c       0xdc ./Core/Src/main.o
 .text.LL_TIM_EnableCounter
                0x0000000008000328       0x1c ./Core/Src/main.o
 .text.LL_TIM_EnableARRPreload
                0x0000000008000344       0x1c ./Core/Src/main.o
 .text.LL_TIM_EnableIT_UPDATE
                0x0000000008000360       0x1c ./Core/Src/main.o
 .text.LL_USART_Enable
                0x000000000800037c       0x1c ./Core/Src/main.o
 .text.LL_USART_DisableFIFO
                0x0000000008000398       0x20 ./Core/Src/main.o
 .text.LL_USART_SetTXFIFOThreshold
                0x00000000080003b8       0x46 ./Core/Src/main.o
 *fill*         0x00000000080003fe        0x2 
 .text.LL_USART_SetRXFIFOThreshold
                0x0000000008000400       0x4c ./Core/Src/main.o
 .text.LL_USART_ConfigAsyncMode
                0x000000000800044c       0x30 ./Core/Src/main.o
 .text.LL_USART_IsActiveFlag_TEACK
                0x000000000800047c       0x28 ./Core/Src/main.o
 .text.LL_USART_IsActiveFlag_REACK
                0x00000000080004a4       0x28 ./Core/Src/main.o
 .text.LL_USART_EnableIT_RXNE_RXFNE
                0x00000000080004cc       0x3e ./Core/Src/main.o
 .text.LL_GPIO_SetOutputPin
                0x000000000800050a       0x18 ./Core/Src/main.o
 .text.LL_GPIO_ResetOutputPin
                0x0000000008000522       0x18 ./Core/Src/main.o
 *fill*         0x000000000800053a        0x2 
 .text.LL_APB1_GRP1_EnableClock
                0x000000000800053c       0x2c ./Core/Src/main.o
 .text.LL_APB2_GRP1_EnableClock
                0x0000000008000568       0x2c ./Core/Src/main.o
 .text.LL_IOP_GRP1_EnableClock
                0x0000000008000594       0x2c ./Core/Src/main.o
 .text.USART2_Send
                0x00000000080005c0       0x2c ./Core/Src/main.o
                0x00000000080005c0                USART2_Send
 .text.Send_String_To_TRX
                0x00000000080005ec       0x46 ./Core/Src/main.o
                0x00000000080005ec                Send_String_To_TRX
 .text.ResetAllOuts
                0x0000000008000632       0x6a ./Core/Src/main.o
                0x0000000008000632                ResetAllOuts
 .text.SetOutput
                0x000000000800069c      0x10c ./Core/Src/main.o
                0x000000000800069c                SetOutput
 .text.main     0x00000000080007a8       0xa0 ./Core/Src/main.o
                0x00000000080007a8                main
 .text.SystemClock_Config
                0x0000000008000848       0x90 ./Core/Src/main.o
                0x0000000008000848                SystemClock_Config
 .text.MX_TIM14_Init
                0x00000000080008d8       0x6c ./Core/Src/main.o
 .text.MX_USART1_UART_Init
                0x0000000008000944      0x16c ./Core/Src/main.o
 .text.MX_USART2_UART_Init
                0x0000000008000ab0      0x120 ./Core/Src/main.o
 .text.MX_GPIO_Init
                0x0000000008000bd0      0x208 ./Core/Src/main.o
 .text.Error_Handler
                0x0000000008000dd8        0xa ./Core/Src/main.o
                0x0000000008000dd8                Error_Handler
 *fill*         0x0000000008000de2        0x2 
 .text.HAL_MspInit
                0x0000000008000de4       0x48 ./Core/Src/stm32g0xx_hal_msp.o
                0x0000000008000de4                HAL_MspInit
 .text.LL_TIM_ClearFlag_UPDATE
                0x0000000008000e2c       0x18 ./Core/Src/stm32g0xx_it.o
 .text.LL_TIM_IsActiveFlag_UPDATE
                0x0000000008000e44       0x22 ./Core/Src/stm32g0xx_it.o
 .text.LL_USART_IsActiveFlag_RXNE_RXFNE
                0x0000000008000e66       0x22 ./Core/Src/stm32g0xx_it.o
 .text.LL_USART_EnableIT_RXNE_RXFNE
                0x0000000008000e88       0x3e ./Core/Src/stm32g0xx_it.o
 .text.LL_USART_DisableIT_RXNE_RXFNE
                0x0000000008000ec6       0x40 ./Core/Src/stm32g0xx_it.o
 .text.LL_USART_ReceiveData8
                0x0000000008000f06       0x16 ./Core/Src/stm32g0xx_it.o
 .text.LL_USART_TransmitData8
                0x0000000008000f1c       0x1e ./Core/Src/stm32g0xx_it.o
 .text.LL_GPIO_TogglePin
                0x0000000008000f3a       0x2e ./Core/Src/stm32g0xx_it.o
 .text.NMI_Handler
                0x0000000008000f68        0x6 ./Core/Src/stm32g0xx_it.o
                0x0000000008000f68                NMI_Handler
 .text.HardFault_Handler
                0x0000000008000f6e        0x6 ./Core/Src/stm32g0xx_it.o
                0x0000000008000f6e                HardFault_Handler
 .text.SVC_Handler
                0x0000000008000f74        0xa ./Core/Src/stm32g0xx_it.o
                0x0000000008000f74                SVC_Handler
 .text.PendSV_Handler
                0x0000000008000f7e        0xa ./Core/Src/stm32g0xx_it.o
                0x0000000008000f7e                PendSV_Handler
 .text.SysTick_Handler
                0x0000000008000f88        0xe ./Core/Src/stm32g0xx_it.o
                0x0000000008000f88                SysTick_Handler
 *fill*         0x0000000008000f96        0x2 
 .text.TIM14_IRQHandler
                0x0000000008000f98       0x34 ./Core/Src/stm32g0xx_it.o
                0x0000000008000f98                TIM14_IRQHandler
 .text.USART1_IRQHandler
                0x0000000008000fcc       0xbc ./Core/Src/stm32g0xx_it.o
                0x0000000008000fcc                USART1_IRQHandler
 .text.USART2_IRQHandler
                0x0000000008001088      0x220 ./Core/Src/stm32g0xx_it.o
                0x0000000008001088                USART2_IRQHandler
 .text.SystemInit
                0x00000000080012a8        0xa ./Core/Src/system_stm32g0xx.o
                0x00000000080012a8                SystemInit
 *fill*         0x00000000080012b2        0x2 
 .text.Reset_Handler
                0x00000000080012b4       0x50 ./Core/Startup/startup_stm32g030f6px.o
                0x00000000080012b4                Reset_Handler
 .text.Default_Handler
                0x0000000008001304        0x2 ./Core/Startup/startup_stm32g030f6px.o
                0x0000000008001304                TIM1_CC_IRQHandler
                0x0000000008001304                I2C1_IRQHandler
                0x0000000008001304                RTC_TAMP_IRQHandler
                0x0000000008001304                SPI1_IRQHandler
                0x0000000008001304                DMA1_Ch4_5_DMAMUX1_OVR_IRQHandler
                0x0000000008001304                EXTI2_3_IRQHandler
                0x0000000008001304                ADC1_IRQHandler
                0x0000000008001304                I2C2_IRQHandler
                0x0000000008001304                TIM17_IRQHandler
                0x0000000008001304                TIM16_IRQHandler
                0x0000000008001304                TIM3_IRQHandler
                0x0000000008001304                EXTI4_15_IRQHandler
                0x0000000008001304                RCC_IRQHandler
                0x0000000008001304                DMA1_Channel1_IRQHandler
                0x0000000008001304                Default_Handler
                0x0000000008001304                EXTI0_1_IRQHandler
                0x0000000008001304                SPI2_IRQHandler
                0x0000000008001304                WWDG_IRQHandler
                0x0000000008001304                DMA1_Channel2_3_IRQHandler
                0x0000000008001304                FLASH_IRQHandler
                0x0000000008001304                TIM1_BRK_UP_TRG_COM_IRQHandler
 *fill*         0x0000000008001306        0x2 
 .text.HAL_Init
                0x0000000008001308       0x40 ./Drivers/STM32G0xx_HAL_Driver/Src/stm32g0xx_hal.o
                0x0000000008001308                HAL_Init
 .text.HAL_InitTick
                0x0000000008001348       0x94 ./Drivers/STM32G0xx_HAL_Driver/Src/stm32g0xx_hal.o
                0x0000000008001348                HAL_InitTick
 .text.HAL_IncTick
                0x00000000080013dc       0x24 ./Drivers/STM32G0xx_HAL_Driver/Src/stm32g0xx_hal.o
                0x00000000080013dc                HAL_IncTick
 .text.HAL_GetTick
                0x0000000008001400       0x14 ./Drivers/STM32G0xx_HAL_Driver/Src/stm32g0xx_hal.o
                0x0000000008001400                HAL_GetTick
 .text.__NVIC_SetPriority
                0x0000000008001414       0xdc ./Drivers/STM32G0xx_HAL_Driver/Src/stm32g0xx_hal_cortex.o
 .text.SysTick_Config
                0x00000000080014f0       0x48 ./Drivers/STM32G0xx_HAL_Driver/Src/stm32g0xx_hal_cortex.o
 .text.HAL_NVIC_SetPriority
                0x0000000008001538       0x2a ./Drivers/STM32G0xx_HAL_Driver/Src/stm32g0xx_hal_cortex.o
                0x0000000008001538                HAL_NVIC_SetPriority
 .text.HAL_SYSTICK_Config
                0x0000000008001562       0x1a ./Drivers/STM32G0xx_HAL_Driver/Src/stm32g0xx_hal_cortex.o
                0x0000000008001562                HAL_SYSTICK_Config
 .text.HAL_PWREx_ControlVoltageScaling
                0x000000000800157c       0x80 ./Drivers/STM32G0xx_HAL_Driver/Src/stm32g0xx_hal_pwr_ex.o
                0x000000000800157c                HAL_PWREx_ControlVoltageScaling
 .text.HAL_RCC_OscConfig
                0x00000000080015fc      0x620 ./Drivers/STM32G0xx_HAL_Driver/Src/stm32g0xx_hal_rcc.o
                0x00000000080015fc                HAL_RCC_OscConfig
 .text.HAL_RCC_ClockConfig
                0x0000000008001c1c      0x210 ./Drivers/STM32G0xx_HAL_Driver/Src/stm32g0xx_hal_rcc.o
                0x0000000008001c1c                HAL_RCC_ClockConfig
 .text.HAL_RCC_GetSysClockFreq
                0x0000000008001e2c      0x104 ./Drivers/STM32G0xx_HAL_Driver/Src/stm32g0xx_hal_rcc.o
                0x0000000008001e2c                HAL_RCC_GetSysClockFreq
 .text.HAL_RCCEx_PeriphCLKConfig
                0x0000000008001f30      0x24c ./Drivers/STM32G0xx_HAL_Driver/Src/stm32g0xx_hal_rcc_ex.o
                0x0000000008001f30                HAL_RCCEx_PeriphCLKConfig
 .text.LL_GPIO_SetPinMode
                0x000000000800217c       0x38 ./Drivers/STM32G0xx_HAL_Driver/Src/stm32g0xx_ll_gpio.o
 .text.LL_GPIO_SetPinOutputType
                0x00000000080021b4       0x2a ./Drivers/STM32G0xx_HAL_Driver/Src/stm32g0xx_ll_gpio.o
 .text.LL_GPIO_SetPinSpeed
                0x00000000080021de       0x38 ./Drivers/STM32G0xx_HAL_Driver/Src/stm32g0xx_ll_gpio.o
 .text.LL_GPIO_SetPinPull
                0x0000000008002216       0x38 ./Drivers/STM32G0xx_HAL_Driver/Src/stm32g0xx_ll_gpio.o
 .text.LL_GPIO_SetAFPin_0_7
                0x000000000800224e       0x46 ./Drivers/STM32G0xx_HAL_Driver/Src/stm32g0xx_ll_gpio.o
 .text.LL_GPIO_SetAFPin_8_15
                0x0000000008002294       0x5a ./Drivers/STM32G0xx_HAL_Driver/Src/stm32g0xx_ll_gpio.o
 .text.LL_GPIO_Init
                0x00000000080022ee       0xb6 ./Drivers/STM32G0xx_HAL_Driver/Src/stm32g0xx_ll_gpio.o
                0x00000000080022ee                LL_GPIO_Init
 .text.LL_RCC_HSI_IsReady
                0x00000000080023a4       0x28 ./Drivers/STM32G0xx_HAL_Driver/Src/stm32g0xx_ll_rcc.o
 .text.LL_RCC_LSE_IsReady
                0x00000000080023cc       0x20 ./Drivers/STM32G0xx_HAL_Driver/Src/stm32g0xx_ll_rcc.o
 .text.LL_RCC_GetSysClkSource
                0x00000000080023ec       0x18 ./Drivers/STM32G0xx_HAL_Driver/Src/stm32g0xx_ll_rcc.o
 .text.LL_RCC_GetAHBPrescaler
                0x0000000008002404       0x18 ./Drivers/STM32G0xx_HAL_Driver/Src/stm32g0xx_ll_rcc.o
 .text.LL_RCC_GetAPB1Prescaler
                0x000000000800241c       0x18 ./Drivers/STM32G0xx_HAL_Driver/Src/stm32g0xx_ll_rcc.o
 .text.LL_RCC_GetUSARTClockSource
                0x0000000008002434       0x24 ./Drivers/STM32G0xx_HAL_Driver/Src/stm32g0xx_ll_rcc.o
 .text.LL_RCC_PLL_GetN
                0x0000000008002458       0x18 ./Drivers/STM32G0xx_HAL_Driver/Src/stm32g0xx_ll_rcc.o
 .text.LL_RCC_PLL_GetR
                0x0000000008002470       0x18 ./Drivers/STM32G0xx_HAL_Driver/Src/stm32g0xx_ll_rcc.o
 .text.LL_RCC_PLL_GetMainSource
                0x0000000008002488       0x18 ./Drivers/STM32G0xx_HAL_Driver/Src/stm32g0xx_ll_rcc.o
 .text.LL_RCC_PLL_GetDivider
                0x00000000080024a0       0x18 ./Drivers/STM32G0xx_HAL_Driver/Src/stm32g0xx_ll_rcc.o
 .text.LL_RCC_GetSystemClocksFreq
                0x00000000080024b8       0x3a ./Drivers/STM32G0xx_HAL_Driver/Src/stm32g0xx_ll_rcc.o
                0x00000000080024b8                LL_RCC_GetSystemClocksFreq
 *fill*         0x00000000080024f2        0x2 
 .text.LL_RCC_GetUSARTClockFreq
                0x00000000080024f4       0x9c ./Drivers/STM32G0xx_HAL_Driver/Src/stm32g0xx_ll_rcc.o
                0x00000000080024f4                LL_RCC_GetUSARTClockFreq
 .text.RCC_GetSystemClockFreq
                0x0000000008002590       0x5c ./Drivers/STM32G0xx_HAL_Driver/Src/stm32g0xx_ll_rcc.o
 .text.RCC_GetHCLKClockFreq
                0x00000000080025ec       0x30 ./Drivers/STM32G0xx_HAL_Driver/Src/stm32g0xx_ll_rcc.o
 .text.RCC_GetPCLK1ClockFreq
                0x000000000800261c       0x2c ./Drivers/STM32G0xx_HAL_Driver/Src/stm32g0xx_ll_rcc.o
 .text.RCC_PLL_GetFreqDomain_SYS
                0x0000000008002648       0x74 ./Drivers/STM32G0xx_HAL_Driver/Src/stm32g0xx_ll_rcc.o
 .text.LL_TIM_SetPrescaler
                0x00000000080026bc       0x18 ./Drivers/STM32G0xx_HAL_Driver/Src/stm32g0xx_ll_tim.o
 .text.LL_TIM_SetAutoReload
                0x00000000080026d4       0x18 ./Drivers/STM32G0xx_HAL_Driver/Src/stm32g0xx_ll_tim.o
 .text.LL_TIM_SetRepetitionCounter
                0x00000000080026ec       0x18 ./Drivers/STM32G0xx_HAL_Driver/Src/stm32g0xx_ll_tim.o
 .text.LL_TIM_GenerateEvent_UPDATE
                0x0000000008002704       0x1c ./Drivers/STM32G0xx_HAL_Driver/Src/stm32g0xx_ll_tim.o
 .text.LL_TIM_Init
                0x0000000008002720       0xdc ./Drivers/STM32G0xx_HAL_Driver/Src/stm32g0xx_ll_tim.o
                0x0000000008002720                LL_TIM_Init
 .text.LL_USART_IsEnabled
                0x00000000080027fc       0x22 ./Drivers/STM32G0xx_HAL_Driver/Src/stm32g0xx_ll_usart.o
 .text.LL_USART_SetPrescaler
                0x000000000800281e       0x24 ./Drivers/STM32G0xx_HAL_Driver/Src/stm32g0xx_ll_usart.o
 *fill*         0x0000000008002842        0x2 
 .text.LL_USART_SetStopBitsLength
                0x0000000008002844       0x28 ./Drivers/STM32G0xx_HAL_Driver/Src/stm32g0xx_ll_usart.o
 .text.LL_USART_SetHWFlowCtrl
                0x000000000800286c       0x28 ./Drivers/STM32G0xx_HAL_Driver/Src/stm32g0xx_ll_usart.o
 .text.LL_USART_SetBaudRate
                0x0000000008002894       0xb4 ./Drivers/STM32G0xx_HAL_Driver/Src/stm32g0xx_ll_usart.o
 .text.LL_USART_Init
                0x0000000008002948       0xe4 ./Drivers/STM32G0xx_HAL_Driver/Src/stm32g0xx_ll_usart.o
                0x0000000008002948                LL_USART_Init
 .text.LL_mDelay
                0x0000000008002a2c       0x48 ./Drivers/STM32G0xx_HAL_Driver/Src/stm32g0xx_ll_utils.o
                0x0000000008002a2c                LL_mDelay
 .text.memset   0x0000000008002a74       0x10 C:/ST/STM32CubeIDE_1.10.0/STM32CubeIDE/plugins/com.st.stm32cube.ide.mcu.externaltools.gnu-tools-for-stm32.11.3.rel1.win32_1.1.100.202309141235/tools/bin/../lib/gcc/arm-none-eabi/11.3.1/../../../../arm-none-eabi/lib/thumb/v6-m/nofp\libc_nano.a(libc_a-memset.o)
                0x0000000008002a74                memset
 .text.__libc_init_array
                0x0000000008002a84       0x48 C:/ST/STM32CubeIDE_1.10.0/STM32CubeIDE/plugins/com.st.stm32cube.ide.mcu.externaltools.gnu-tools-for-stm32.11.3.rel1.win32_1.1.100.202309141235/tools/bin/../lib/gcc/arm-none-eabi/11.3.1/../../../../arm-none-eabi/lib/thumb/v6-m/nofp\libc_nano.a(libc_a-init.o)
                0x0000000008002a84                __libc_init_array
 *(.glue_7)
 .glue_7        0x0000000008002acc        0x0 linker stubs
 *(.glue_7t)
 .glue_7t       0x0000000008002acc        0x0 linker stubs
 *(.eh_frame)
 .eh_frame      0x0000000008002acc        0x0 C:/ST/STM32CubeIDE_1.10.0/STM32CubeIDE/plugins/com.st.stm32cube.ide.mcu.externaltools.gnu-tools-for-stm32.11.3.rel1.win32_1.1.100.202309141235/tools/bin/../lib/gcc/arm-none-eabi/11.3.1/thumb/v6-m/nofp/crtbegin.o
 *(.init)
 .init          0x0000000008002acc        0x4 C:/ST/STM32CubeIDE_1.10.0/STM32CubeIDE/plugins/com.st.stm32cube.ide.mcu.externaltools.gnu-tools-for-stm32.11.3.rel1.win32_1.1.100.202309141235/tools/bin/../lib/gcc/arm-none-eabi/11.3.1/thumb/v6-m/nofp/crti.o
                0x0000000008002acc                _init
 .init          0x0000000008002ad0        0x8 C:/ST/STM32CubeIDE_1.10.0/STM32CubeIDE/plugins/com.st.stm32cube.ide.mcu.externaltools.gnu-tools-for-stm32.11.3.rel1.win32_1.1.100.202309141235/tools/bin/../lib/gcc/arm-none-eabi/11.3.1/thumb/v6-m/nofp/crtn.o
 *(.fini)
 .fini          0x0000000008002ad8        0x4 C:/ST/STM32CubeIDE_1.10.0/STM32CubeIDE/plugins/com.st.stm32cube.ide.mcu.externaltools.gnu-tools-for-stm32.11.3.rel1.win32_1.1.100.202309141235/tools/bin/../lib/gcc/arm-none-eabi/11.3.1/thumb/v6-m/nofp/crti.o
                0x0000000008002ad8                _fini
 .fini          0x0000000008002adc        0x8 C:/ST/STM32CubeIDE_1.10.0/STM32CubeIDE/plugins/com.st.stm32cube.ide.mcu.externaltools.gnu-tools-for-stm32.11.3.rel1.win32_1.1.100.202309141235/tools/bin/../lib/gcc/arm-none-eabi/11.3.1/thumb/v6-m/nofp/crtn.o
                0x0000000008002ae4                . = ALIGN (0x4)
                0x0000000008002ae4                _etext = .

.vfp11_veneer   0x0000000008002ae4        0x0
 .vfp11_veneer  0x0000000008002ae4        0x0 linker stubs

.v4_bx          0x0000000008002ae4        0x0
 .v4_bx         0x0000000008002ae4        0x0 linker stubs

.iplt           0x0000000008002ae4        0x0
 .iplt          0x0000000008002ae4        0x0 C:/ST/STM32CubeIDE_1.10.0/STM32CubeIDE/plugins/com.st.stm32cube.ide.mcu.externaltools.gnu-tools-for-stm32.11.3.rel1.win32_1.1.100.202309141235/tools/bin/../lib/gcc/arm-none-eabi/11.3.1/thumb/v6-m/nofp/crtbegin.o

.rodata         0x0000000008002ae4       0x94
                0x0000000008002ae4                . = ALIGN (0x4)
 *(.rodata)
 .rodata        0x0000000008002ae4        0x4 ./Core/Src/main.o
 *(.rodata*)
 .rodata.AHBPrescTable
                0x0000000008002ae8       0x40 ./Core/Src/system_stm32g0xx.o
                0x0000000008002ae8                AHBPrescTable
 .rodata.APBPrescTable
                0x0000000008002b28       0x20 ./Core/Src/system_stm32g0xx.o
                0x0000000008002b28                APBPrescTable
 .rodata.USART_PRESCALER_TAB
                0x0000000008002b48       0x30 ./Drivers/STM32G0xx_HAL_Driver/Src/stm32g0xx_ll_usart.o
                0x0000000008002b78                . = ALIGN (0x4)

.rel.dyn        0x0000000008002b78        0x0
 .rel.iplt      0x0000000008002b78        0x0 C:/ST/STM32CubeIDE_1.10.0/STM32CubeIDE/plugins/com.st.stm32cube.ide.mcu.externaltools.gnu-tools-for-stm32.11.3.rel1.win32_1.1.100.202309141235/tools/bin/../lib/gcc/arm-none-eabi/11.3.1/thumb/v6-m/nofp/crtbegin.o

.ARM.extab      0x0000000008002b78        0x0
                0x0000000008002b78                . = ALIGN (0x4)
 *(.ARM.extab* .gnu.linkonce.armextab.*)
                0x0000000008002b78                . = ALIGN (0x4)

.ARM            0x0000000008002b78        0x0
                0x0000000008002b78                . = ALIGN (0x4)
                0x0000000008002b78                __exidx_start = .
 *(.ARM.exidx*)
                0x0000000008002b78                __exidx_end = .
                0x0000000008002b78                . = ALIGN (0x4)

.preinit_array  0x0000000008002b78        0x0
                0x0000000008002b78                . = ALIGN (0x4)
                0x0000000008002b78                PROVIDE (__preinit_array_start = .)
 *(.preinit_array*)
                0x0000000008002b78                PROVIDE (__preinit_array_end = .)
                0x0000000008002b78                . = ALIGN (0x4)

.init_array     0x0000000008002b78        0x4
                0x0000000008002b78                . = ALIGN (0x4)
                0x0000000008002b78                PROVIDE (__init_array_start = .)
 *(SORT_BY_NAME(.init_array.*))
 *(.init_array*)
 .init_array    0x0000000008002b78        0x4 C:/ST/STM32CubeIDE_1.10.0/STM32CubeIDE/plugins/com.st.stm32cube.ide.mcu.externaltools.gnu-tools-for-stm32.11.3.rel1.win32_1.1.100.202309141235/tools/bin/../lib/gcc/arm-none-eabi/11.3.1/thumb/v6-m/nofp/crtbegin.o
                0x0000000008002b7c                PROVIDE (__init_array_end = .)
                0x0000000008002b7c                . = ALIGN (0x4)

.fini_array     0x0000000008002b7c        0x4
                0x0000000008002b7c                . = ALIGN (0x4)
                [!provide]                        PROVIDE (__fini_array_start = .)
 *(SORT_BY_NAME(.fini_array.*))
 *(.fini_array*)
 .fini_array    0x0000000008002b7c        0x4 C:/ST/STM32CubeIDE_1.10.0/STM32CubeIDE/plugins/com.st.stm32cube.ide.mcu.externaltools.gnu-tools-for-stm32.11.3.rel1.win32_1.1.100.202309141235/tools/bin/../lib/gcc/arm-none-eabi/11.3.1/thumb/v6-m/nofp/crtbegin.o
                [!provide]                        PROVIDE (__fini_array_end = .)
                0x0000000008002b80                . = ALIGN (0x4)
                0x0000000008002b80                _sidata = LOADADDR (.data)

.data           0x0000000020000000        0xc load address 0x0000000008002b80
                0x0000000020000000                . = ALIGN (0x4)
                0x0000000020000000                _sdata = .
 *(.data)
 *(.data*)
 .data.SystemCoreClock
                0x0000000020000000        0x4 ./Core/Src/system_stm32g0xx.o
                0x0000000020000000                SystemCoreClock
 .data.uwTickPrio
                0x0000000020000004        0x4 ./Drivers/STM32G0xx_HAL_Driver/Src/stm32g0xx_hal.o
                0x0000000020000004                uwTickPrio
 .data.uwTickFreq
                0x0000000020000008        0x1 ./Drivers/STM32G0xx_HAL_Driver/Src/stm32g0xx_hal.o
                0x0000000020000008                uwTickFreq
 *(.RamFunc)
 *(.RamFunc*)
                0x000000002000000c                . = ALIGN (0x4)
 *fill*         0x0000000020000009        0x3 
                0x000000002000000c                _edata = .

.igot.plt       0x000000002000000c        0x0 load address 0x0000000008002b8c
 .igot.plt      0x000000002000000c        0x0 C:/ST/STM32CubeIDE_1.10.0/STM32CubeIDE/plugins/com.st.stm32cube.ide.mcu.externaltools.gnu-tools-for-stm32.11.3.rel1.win32_1.1.100.202309141235/tools/bin/../lib/gcc/arm-none-eabi/11.3.1/thumb/v6-m/nofp/crtbegin.o
                0x000000002000000c                . = ALIGN (0x4)

.bss            0x000000002000000c       0x80 load address 0x0000000008002b8c
                0x000000002000000c                _sbss = .
                0x000000002000000c                __bss_start__ = _sbss
 *(.bss)
 .bss           0x000000002000000c       0x1c C:/ST/STM32CubeIDE_1.10.0/STM32CubeIDE/plugins/com.st.stm32cube.ide.mcu.externaltools.gnu-tools-for-stm32.11.3.rel1.win32_1.1.100.202309141235/tools/bin/../lib/gcc/arm-none-eabi/11.3.1/thumb/v6-m/nofp/crtbegin.o
 *(.bss*)
 .bss.flag_band
                0x0000000020000028        0x4 ./Core/Src/main.o
                0x0000000020000028                flag_band
 .bss.isDataReady
                0x000000002000002c        0x4 ./Core/Src/main.o
                0x000000002000002c                isDataReady
 .bss.time_last_pcdata
                0x0000000020000030        0x4 ./Core/Src/main.o
                0x0000000020000030                time_last_pcdata
 .bss.PCData    0x0000000020000034       0x28 ./Core/Src/main.o
                0x0000000020000034                PCData
 .bss.TRXData   0x000000002000005c       0x28 ./Core/Src/main.o
                0x000000002000005c                TRXData
 .bss.cnt.1     0x0000000020000084        0x1 ./Core/Src/stm32g0xx_it.o
 .bss.i.0       0x0000000020000085        0x1 ./Core/Src/stm32g0xx_it.o
 *fill*         0x0000000020000086        0x2 
 .bss.uwTick    0x0000000020000088        0x4 ./Drivers/STM32G0xx_HAL_Driver/Src/stm32g0xx_hal.o
                0x0000000020000088                uwTick
 *(COMMON)
                0x000000002000008c                . = ALIGN (0x4)
                0x000000002000008c                _ebss = .
                0x000000002000008c                __bss_end__ = _ebss

._user_heap_stack
                0x000000002000008c      0x604 load address 0x0000000008002b8c
                0x0000000020000090                . = ALIGN (0x8)
 *fill*         0x000000002000008c        0x4 
                [!provide]                        PROVIDE (end = .)
                0x0000000020000090                PROVIDE (_end = .)
                0x0000000020000290                . = (. + _Min_Heap_Size)
 *fill*         0x0000000020000090      0x200 
                0x0000000020000690                . = (. + _Min_Stack_Size)
 *fill*         0x0000000020000290      0x400 
                0x0000000020000690                . = ALIGN (0x8)

/DISCARD/
 libc.a(*)
 libm.a(*)
 libgcc.a(*)

.ARM.attributes
                0x0000000000000000       0x28
 *(.ARM.attributes)
 .ARM.attributes
                0x0000000000000000       0x1e C:/ST/STM32CubeIDE_1.10.0/STM32CubeIDE/plugins/com.st.stm32cube.ide.mcu.externaltools.gnu-tools-for-stm32.11.3.rel1.win32_1.1.100.202309141235/tools/bin/../lib/gcc/arm-none-eabi/11.3.1/thumb/v6-m/nofp/crti.o
 .ARM.attributes
                0x000000000000001e       0x2c C:/ST/STM32CubeIDE_1.10.0/STM32CubeIDE/plugins/com.st.stm32cube.ide.mcu.externaltools.gnu-tools-for-stm32.11.3.rel1.win32_1.1.100.202309141235/tools/bin/../lib/gcc/arm-none-eabi/11.3.1/thumb/v6-m/nofp/crtbegin.o
 .ARM.attributes
                0x000000000000004a       0x2c ./Core/Src/main.o
 .ARM.attributes
                0x0000000000000076       0x2c ./Core/Src/stm32g0xx_hal_msp.o
 .ARM.attributes
                0x00000000000000a2       0x2c ./Core/Src/stm32g0xx_it.o
 .ARM.attributes
                0x00000000000000ce       0x2c ./Core/Src/system_stm32g0xx.o
 .ARM.attributes
                0x00000000000000fa       0x22 ./Core/Startup/startup_stm32g030f6px.o
 .ARM.attributes
                0x000000000000011c       0x2c ./Drivers/STM32G0xx_HAL_Driver/Src/stm32g0xx_hal.o
 .ARM.attributes
                0x0000000000000148       0x2c ./Drivers/STM32G0xx_HAL_Driver/Src/stm32g0xx_hal_cortex.o
 .ARM.attributes
                0x0000000000000174       0x2c ./Drivers/STM32G0xx_HAL_Driver/Src/stm32g0xx_hal_pwr_ex.o
 .ARM.attributes
                0x00000000000001a0       0x2c ./Drivers/STM32G0xx_HAL_Driver/Src/stm32g0xx_hal_rcc.o
 .ARM.attributes
                0x00000000000001cc       0x2c ./Drivers/STM32G0xx_HAL_Driver/Src/stm32g0xx_hal_rcc_ex.o
 .ARM.attributes
                0x00000000000001f8       0x2c ./Drivers/STM32G0xx_HAL_Driver/Src/stm32g0xx_ll_gpio.o
 .ARM.attributes
                0x0000000000000224       0x2c ./Drivers/STM32G0xx_HAL_Driver/Src/stm32g0xx_ll_rcc.o
 .ARM.attributes
                0x0000000000000250       0x2c ./Drivers/STM32G0xx_HAL_Driver/Src/stm32g0xx_ll_tim.o
 .ARM.attributes
                0x000000000000027c       0x2c ./Drivers/STM32G0xx_HAL_Driver/Src/stm32g0xx_ll_usart.o
 .ARM.attributes
                0x00000000000002a8       0x2c ./Drivers/STM32G0xx_HAL_Driver/Src/stm32g0xx_ll_utils.o
 .ARM.attributes
                0x00000000000002d4       0x2c C:/ST/STM32CubeIDE_1.10.0/STM32CubeIDE/plugins/com.st.stm32cube.ide.mcu.externaltools.gnu-tools-for-stm32.11.3.rel1.win32_1.1.100.202309141235/tools/bin/../lib/gcc/arm-none-eabi/11.3.1/../../../../arm-none-eabi/lib/thumb/v6-m/nofp\libc_nano.a(libc_a-memset.o)
 .ARM.attributes
                0x0000000000000300       0x2c C:/ST/STM32CubeIDE_1.10.0/STM32CubeIDE/plugins/com.st.stm32cube.ide.mcu.externaltools.gnu-tools-for-stm32.11.3.rel1.win32_1.1.100.202309141235/tools/bin/../lib/gcc/arm-none-eabi/11.3.1/../../../../arm-none-eabi/lib/thumb/v6-m/nofp\libc_nano.a(libc_a-init.o)
 .ARM.attributes
                0x000000000000032c       0x1e C:/ST/STM32CubeIDE_1.10.0/STM32CubeIDE/plugins/com.st.stm32cube.ide.mcu.externaltools.gnu-tools-for-stm32.11.3.rel1.win32_1.1.100.202309141235/tools/bin/../lib/gcc/arm-none-eabi/11.3.1/thumb/v6-m/nofp\libgcc.a(_udivsi3.o)
 .ARM.attributes
                0x000000000000034a       0x1e C:/ST/STM32CubeIDE_1.10.0/STM32CubeIDE/plugins/com.st.stm32cube.ide.mcu.externaltools.gnu-tools-for-stm32.11.3.rel1.win32_1.1.100.202309141235/tools/bin/../lib/gcc/arm-none-eabi/11.3.1/thumb/v6-m/nofp\libgcc.a(_dvmd_tls.o)
 .ARM.attributes
                0x0000000000000368       0x1e C:/ST/STM32CubeIDE_1.10.0/STM32CubeIDE/plugins/com.st.stm32cube.ide.mcu.externaltools.gnu-tools-for-stm32.11.3.rel1.win32_1.1.100.202309141235/tools/bin/../lib/gcc/arm-none-eabi/11.3.1/thumb/v6-m/nofp/crtn.o
OUTPUT(tx500_decoder.elf elf32-littlearm)
LOAD linker stubs
LOAD C:/ST/STM32CubeIDE_1.10.0/STM32CubeIDE/plugins/com.st.stm32cube.ide.mcu.externaltools.gnu-tools-for-stm32.11.3.rel1.win32_1.1.100.202309141235/tools/bin/../lib/gcc/arm-none-eabi/11.3.1/../../../../arm-none-eabi/lib/thumb/v6-m/nofp\libc.a
LOAD C:/ST/STM32CubeIDE_1.10.0/STM32CubeIDE/plugins/com.st.stm32cube.ide.mcu.externaltools.gnu-tools-for-stm32.11.3.rel1.win32_1.1.100.202309141235/tools/bin/../lib/gcc/arm-none-eabi/11.3.1/../../../../arm-none-eabi/lib/thumb/v6-m/nofp\libm.a
LOAD C:/ST/STM32CubeIDE_1.10.0/STM32CubeIDE/plugins/com.st.stm32cube.ide.mcu.externaltools.gnu-tools-for-stm32.11.3.rel1.win32_1.1.100.202309141235/tools/bin/../lib/gcc/arm-none-eabi/11.3.1/thumb/v6-m/nofp\libgcc.a

.comment        0x0000000000000000       0x43
 .comment       0x0000000000000000       0x43 C:/ST/STM32CubeIDE_1.10.0/STM32CubeIDE/plugins/com.st.stm32cube.ide.mcu.externaltools.gnu-tools-for-stm32.11.3.rel1.win32_1.1.100.202309141235/tools/bin/../lib/gcc/arm-none-eabi/11.3.1/thumb/v6-m/nofp/crtbegin.o
                                         0x44 (size before relaxing)
 .comment       0x0000000000000043       0x44 ./Core/Src/main.o
 .comment       0x0000000000000043       0x44 ./Core/Src/stm32g0xx_hal_msp.o
 .comment       0x0000000000000043       0x44 ./Core/Src/stm32g0xx_it.o
 .comment       0x0000000000000043       0x44 ./Core/Src/system_stm32g0xx.o
 .comment       0x0000000000000043       0x44 ./Drivers/STM32G0xx_HAL_Driver/Src/stm32g0xx_hal.o
 .comment       0x0000000000000043       0x44 ./Drivers/STM32G0xx_HAL_Driver/Src/stm32g0xx_hal_cortex.o
 .comment       0x0000000000000043       0x44 ./Drivers/STM32G0xx_HAL_Driver/Src/stm32g0xx_hal_pwr_ex.o
 .comment       0x0000000000000043       0x44 ./Drivers/STM32G0xx_HAL_Driver/Src/stm32g0xx_hal_rcc.o
 .comment       0x0000000000000043       0x44 ./Drivers/STM32G0xx_HAL_Driver/Src/stm32g0xx_hal_rcc_ex.o
 .comment       0x0000000000000043       0x44 ./Drivers/STM32G0xx_HAL_Driver/Src/stm32g0xx_ll_gpio.o
 .comment       0x0000000000000043       0x44 ./Drivers/STM32G0xx_HAL_Driver/Src/stm32g0xx_ll_rcc.o
 .comment       0x0000000000000043       0x44 ./Drivers/STM32G0xx_HAL_Driver/Src/stm32g0xx_ll_tim.o
 .comment       0x0000000000000043       0x44 ./Drivers/STM32G0xx_HAL_Driver/Src/stm32g0xx_ll_usart.o
 .comment       0x0000000000000043       0x44 ./Drivers/STM32G0xx_HAL_Driver/Src/stm32g0xx_ll_utils.o

.debug_info     0x0000000000000000     0x78a0
 .debug_info    0x0000000000000000     0x13d6 ./Core/Src/main.o
 .debug_info    0x00000000000013d6      0x300 ./Core/Src/stm32g0xx_hal_msp.o
 .debug_info    0x00000000000016d6      0x7dc ./Core/Src/stm32g0xx_it.o
 .debug_info    0x0000000000001eb2      0x316 ./Core/Src/system_stm32g0xx.o
 .debug_info    0x00000000000021c8       0x23 ./Core/Startup/startup_stm32g030f6px.o
 .debug_info    0x00000000000021eb      0x8f0 ./Drivers/STM32G0xx_HAL_Driver/Src/stm32g0xx_hal.o
 .debug_info    0x0000000000002adb      0x8a9 ./Drivers/STM32G0xx_HAL_Driver/Src/stm32g0xx_hal_cortex.o
 .debug_info    0x0000000000003384      0x496 ./Drivers/STM32G0xx_HAL_Driver/Src/stm32g0xx_hal_pwr_ex.o
 .debug_info    0x000000000000381a      0xad0 ./Drivers/STM32G0xx_HAL_Driver/Src/stm32g0xx_hal_rcc.o
 .debug_info    0x00000000000042ea      0x72b ./Drivers/STM32G0xx_HAL_Driver/Src/stm32g0xx_hal_rcc_ex.o
 .debug_info    0x0000000000004a15      0x5e2 ./Drivers/STM32G0xx_HAL_Driver/Src/stm32g0xx_ll_gpio.o
 .debug_info    0x0000000000004ff7      0x764 ./Drivers/STM32G0xx_HAL_Driver/Src/stm32g0xx_ll_rcc.o
 .debug_info    0x000000000000575b     0x10f0 ./Drivers/STM32G0xx_HAL_Driver/Src/stm32g0xx_ll_tim.o
 .debug_info    0x000000000000684b      0x797 ./Drivers/STM32G0xx_HAL_Driver/Src/stm32g0xx_ll_usart.o
 .debug_info    0x0000000000006fe2      0x8be ./Drivers/STM32G0xx_HAL_Driver/Src/stm32g0xx_ll_utils.o

.debug_abbrev   0x0000000000000000     0x1e1e
 .debug_abbrev  0x0000000000000000      0x387 ./Core/Src/main.o
 .debug_abbrev  0x0000000000000387       0xdd ./Core/Src/stm32g0xx_hal_msp.o
 .debug_abbrev  0x0000000000000464      0x251 ./Core/Src/stm32g0xx_it.o
 .debug_abbrev  0x00000000000006b5      0x119 ./Core/Src/system_stm32g0xx.o
 .debug_abbrev  0x00000000000007ce       0x12 ./Core/Startup/startup_stm32g030f6px.o
 .debug_abbrev  0x00000000000007e0      0x2b4 ./Drivers/STM32G0xx_HAL_Driver/Src/stm32g0xx_hal.o
 .debug_abbrev  0x0000000000000a94      0x2ab ./Drivers/STM32G0xx_HAL_Driver/Src/stm32g0xx_hal_cortex.o
 .debug_abbrev  0x0000000000000d3f      0x1d7 ./Drivers/STM32G0xx_HAL_Driver/Src/stm32g0xx_hal_pwr_ex.o
 .debug_abbrev  0x0000000000000f16      0x2a9 ./Drivers/STM32G0xx_HAL_Driver/Src/stm32g0xx_hal_rcc.o
 .debug_abbrev  0x00000000000011bf      0x229 ./Drivers/STM32G0xx_HAL_Driver/Src/stm32g0xx_hal_rcc_ex.o
 .debug_abbrev  0x00000000000013e8      0x1ad ./Drivers/STM32G0xx_HAL_Driver/Src/stm32g0xx_ll_gpio.o
 .debug_abbrev  0x0000000000001595      0x239 ./Drivers/STM32G0xx_HAL_Driver/Src/stm32g0xx_ll_rcc.o
 .debug_abbrev  0x00000000000017ce      0x20d ./Drivers/STM32G0xx_HAL_Driver/Src/stm32g0xx_ll_tim.o
 .debug_abbrev  0x00000000000019db      0x208 ./Drivers/STM32G0xx_HAL_Driver/Src/stm32g0xx_ll_usart.o
 .debug_abbrev  0x0000000000001be3      0x23b ./Drivers/STM32G0xx_HAL_Driver/Src/stm32g0xx_ll_utils.o

.debug_aranges  0x0000000000000000      0x9d0
 .debug_aranges
                0x0000000000000000      0x110 ./Core/Src/main.o
 .debug_aranges
                0x0000000000000110       0x20 ./Core/Src/stm32g0xx_hal_msp.o
 .debug_aranges
                0x0000000000000130       0x98 ./Core/Src/stm32g0xx_it.o
 .debug_aranges
                0x00000000000001c8       0x28 ./Core/Src/system_stm32g0xx.o
 .debug_aranges
                0x00000000000001f0       0x28 ./Core/Startup/startup_stm32g030f6px.o
 .debug_aranges
                0x0000000000000218      0x100 ./Drivers/STM32G0xx_HAL_Driver/Src/stm32g0xx_hal.o
 .debug_aranges
                0x0000000000000318       0xe8 ./Drivers/STM32G0xx_HAL_Driver/Src/stm32g0xx_hal_cortex.o
 .debug_aranges
                0x0000000000000400       0x98 ./Drivers/STM32G0xx_HAL_Driver/Src/stm32g0xx_hal_pwr_ex.o
 .debug_aranges
                0x0000000000000498       0xa0 ./Drivers/STM32G0xx_HAL_Driver/Src/stm32g0xx_hal_rcc.o
 .debug_aranges
                0x0000000000000538       0x40 ./Drivers/STM32G0xx_HAL_Driver/Src/stm32g0xx_hal_rcc_ex.o
 .debug_aranges
                0x0000000000000578       0x70 ./Drivers/STM32G0xx_HAL_Driver/Src/stm32g0xx_ll_gpio.o
 .debug_aranges
                0x00000000000005e8      0x130 ./Drivers/STM32G0xx_HAL_Driver/Src/stm32g0xx_ll_rcc.o
 .debug_aranges
                0x0000000000000718      0x148 ./Drivers/STM32G0xx_HAL_Driver/Src/stm32g0xx_ll_tim.o
 .debug_aranges
                0x0000000000000860       0x88 ./Drivers/STM32G0xx_HAL_Driver/Src/stm32g0xx_ll_usart.o
 .debug_aranges
                0x00000000000008e8       0xe8 ./Drivers/STM32G0xx_HAL_Driver/Src/stm32g0xx_ll_utils.o

.debug_rnglists
                0x0000000000000000      0x743
 .debug_rnglists
                0x0000000000000000       0xce ./Core/Src/main.o
 .debug_rnglists
                0x00000000000000ce       0x13 ./Core/Src/stm32g0xx_hal_msp.o
 .debug_rnglists
                0x00000000000000e1       0x6f ./Core/Src/stm32g0xx_it.o
 .debug_rnglists
                0x0000000000000150       0x1a ./Core/Src/system_stm32g0xx.o
 .debug_rnglists
                0x000000000000016a       0x19 ./Core/Startup/startup_stm32g030f6px.o
 .debug_rnglists
                0x0000000000000183       0xbc ./Drivers/STM32G0xx_HAL_Driver/Src/stm32g0xx_hal.o
 .debug_rnglists
                0x000000000000023f       0xaa ./Drivers/STM32G0xx_HAL_Driver/Src/stm32g0xx_hal_cortex.o
 .debug_rnglists
                0x00000000000002e9       0x72 ./Drivers/STM32G0xx_HAL_Driver/Src/stm32g0xx_hal_pwr_ex.o
 .debug_rnglists
                0x000000000000035b       0x79 ./Drivers/STM32G0xx_HAL_Driver/Src/stm32g0xx_hal_rcc.o
 .debug_rnglists
                0x00000000000003d4       0x2f ./Drivers/STM32G0xx_HAL_Driver/Src/stm32g0xx_hal_rcc_ex.o
 .debug_rnglists
                0x0000000000000403       0x51 ./Drivers/STM32G0xx_HAL_Driver/Src/stm32g0xx_ll_gpio.o
 .debug_rnglists
                0x0000000000000454       0xe1 ./Drivers/STM32G0xx_HAL_Driver/Src/stm32g0xx_ll_rcc.o
 .debug_rnglists
                0x0000000000000535       0xfe ./Drivers/STM32G0xx_HAL_Driver/Src/stm32g0xx_ll_tim.o
 .debug_rnglists
                0x0000000000000633       0x63 ./Drivers/STM32G0xx_HAL_Driver/Src/stm32g0xx_ll_usart.o
 .debug_rnglists
                0x0000000000000696       0xad ./Drivers/STM32G0xx_HAL_Driver/Src/stm32g0xx_ll_utils.o

.debug_macro    0x0000000000000000    0x16151
 .debug_macro   0x0000000000000000      0x21f ./Core/Src/main.o
 .debug_macro   0x000000000000021f      0xa84 ./Core/Src/main.o
 .debug_macro   0x0000000000000ca3      0x111 ./Core/Src/main.o
 .debug_macro   0x0000000000000db4       0x2e ./Core/Src/main.o
 .debug_macro   0x0000000000000de2       0x28 ./Core/Src/main.o
 .debug_macro   0x0000000000000e0a       0x22 ./Core/Src/main.o
 .debug_macro   0x0000000000000e2c       0x8e ./Core/Src/main.o
 .debug_macro   0x0000000000000eba       0x51 ./Core/Src/main.o
 .debug_macro   0x0000000000000f0b      0x103 ./Core/Src/main.o
 .debug_macro   0x000000000000100e       0x6a ./Core/Src/main.o
 .debug_macro   0x0000000000001078      0x1df ./Core/Src/main.o
 .debug_macro   0x0000000000001257       0x1c ./Core/Src/main.o
 .debug_macro   0x0000000000001273       0x22 ./Core/Src/main.o
 .debug_macro   0x0000000000001295       0xd1 ./Core/Src/main.o
 .debug_macro   0x0000000000001366      0x4da ./Core/Src/main.o
 .debug_macro   0x0000000000001840      0x11f ./Core/Src/main.o
 .debug_macro   0x000000000000195f     0xa0e8 ./Core/Src/main.o
 .debug_macro   0x000000000000ba47       0x66 ./Core/Src/main.o
 .debug_macro   0x000000000000baad     0x350e ./Core/Src/main.o
 .debug_macro   0x000000000000efbb      0x174 ./Core/Src/main.o
 .debug_macro   0x000000000000f12f       0x5c ./Core/Src/main.o
 .debug_macro   0x000000000000f18b      0x470 ./Core/Src/main.o
 .debug_macro   0x000000000000f5fb      0xe1a ./Core/Src/main.o
 .debug_macro   0x0000000000010415      0x106 ./Core/Src/main.o
 .debug_macro   0x000000000001051b      0x1cf ./Core/Src/main.o
 .debug_macro   0x00000000000106ea       0xff ./Core/Src/main.o
 .debug_macro   0x00000000000107e9      0x33c ./Core/Src/main.o
 .debug_macro   0x0000000000010b25      0x209 ./Core/Src/main.o
 .debug_macro   0x0000000000010d2e      0x2c7 ./Core/Src/main.o
 .debug_macro   0x0000000000010ff5      0x198 ./Core/Src/main.o
 .debug_macro   0x000000000001118d       0x43 ./Core/Src/main.o
 .debug_macro   0x00000000000111d0      0x1f1 ./Core/Src/main.o
 .debug_macro   0x00000000000113c1      0x1d6 ./Core/Src/main.o
 .debug_macro   0x0000000000011597      0x2a3 ./Core/Src/main.o
 .debug_macro   0x000000000001183a       0x28 ./Core/Src/main.o
 .debug_macro   0x0000000000011862       0xcf ./Core/Src/main.o
 .debug_macro   0x0000000000011931       0xff ./Core/Src/main.o
 .debug_macro   0x0000000000011a30      0x10d ./Core/Src/main.o
 .debug_macro   0x0000000000011b3d      0x412 ./Core/Src/main.o
 .debug_macro   0x0000000000011f4f      0x8f3 ./Core/Src/main.o
 .debug_macro   0x0000000000012842      0x40f ./Core/Src/main.o
 .debug_macro   0x0000000000012c51      0x12c ./Core/Src/main.o
 .debug_macro   0x0000000000012d7d      0x131 ./Core/Src/main.o
 .debug_macro   0x0000000000012eae      0x177 ./Core/Src/main.o
 .debug_macro   0x0000000000013025       0xd3 ./Core/Src/main.o
 .debug_macro   0x00000000000130f8      0x174 ./Core/Src/main.o
 .debug_macro   0x000000000001326c       0x5a ./Core/Src/main.o
 .debug_macro   0x00000000000132c6      0x159 ./Core/Src/main.o
 .debug_macro   0x000000000001341f       0x64 ./Core/Src/main.o
 .debug_macro   0x0000000000013483      0x21f ./Core/Src/stm32g0xx_hal_msp.o
 .debug_macro   0x00000000000136a2      0x229 ./Core/Src/stm32g0xx_it.o
 .debug_macro   0x00000000000138cb      0x1b7 ./Core/Src/system_stm32g0xx.o
 .debug_macro   0x0000000000013a82      0x1d5 ./Drivers/STM32G0xx_HAL_Driver/Src/stm32g0xx_hal.o
 .debug_macro   0x0000000000013c57      0x1b7 ./Drivers/STM32G0xx_HAL_Driver/Src/stm32g0xx_hal_cortex.o
 .debug_macro   0x0000000000013e0e      0x1c9 ./Drivers/STM32G0xx_HAL_Driver/Src/stm32g0xx_hal_pwr_ex.o
 .debug_macro   0x0000000000013fd7      0x1f9 ./Drivers/STM32G0xx_HAL_Driver/Src/stm32g0xx_hal_rcc.o
 .debug_macro   0x00000000000141d0      0x1cf ./Drivers/STM32G0xx_HAL_Driver/Src/stm32g0xx_hal_rcc_ex.o
 .debug_macro   0x000000000001439f      0x1f9 ./Drivers/STM32G0xx_HAL_Driver/Src/stm32g0xx_ll_gpio.o
 .debug_macro   0x0000000000014598      0x12b ./Drivers/STM32G0xx_HAL_Driver/Src/stm32g0xx_ll_gpio.o
 .debug_macro   0x00000000000146c3      0x1df ./Drivers/STM32G0xx_HAL_Driver/Src/stm32g0xx_ll_rcc.o
 .debug_macro   0x00000000000148a2      0x46a ./Drivers/STM32G0xx_HAL_Driver/Src/stm32g0xx_ll_rcc.o
 .debug_macro   0x0000000000014d0c      0x26e ./Drivers/STM32G0xx_HAL_Driver/Src/stm32g0xx_ll_tim.o
 .debug_macro   0x0000000000014f7a      0x8ed ./Drivers/STM32G0xx_HAL_Driver/Src/stm32g0xx_ll_tim.o
 .debug_macro   0x0000000000015867      0x22d ./Drivers/STM32G0xx_HAL_Driver/Src/stm32g0xx_ll_usart.o
 .debug_macro   0x0000000000015a94      0x409 ./Drivers/STM32G0xx_HAL_Driver/Src/stm32g0xx_ll_usart.o
 .debug_macro   0x0000000000015e9d      0x260 ./Drivers/STM32G0xx_HAL_Driver/Src/stm32g0xx_ll_utils.o
 .debug_macro   0x00000000000160fd       0x54 ./Drivers/STM32G0xx_HAL_Driver/Src/stm32g0xx_ll_utils.o

.debug_line     0x0000000000000000     0x9d42
 .debug_line    0x0000000000000000      0xf2b ./Core/Src/main.o
 .debug_line    0x0000000000000f2b      0x800 ./Core/Src/stm32g0xx_hal_msp.o
 .debug_line    0x000000000000172b      0xc12 ./Core/Src/stm32g0xx_it.o
 .debug_line    0x000000000000233d      0x7a0 ./Core/Src/system_stm32g0xx.o
 .debug_line    0x0000000000002add       0x7b ./Core/Startup/startup_stm32g030f6px.o
 .debug_line    0x0000000000002b58      0xa5b ./Drivers/STM32G0xx_HAL_Driver/Src/stm32g0xx_hal.o
 .debug_line    0x00000000000035b3      0xb85 ./Drivers/STM32G0xx_HAL_Driver/Src/stm32g0xx_hal_cortex.o
 .debug_line    0x0000000000004138      0x96b ./Drivers/STM32G0xx_HAL_Driver/Src/stm32g0xx_hal_pwr_ex.o
 .debug_line    0x0000000000004aa3      0xf01 ./Drivers/STM32G0xx_HAL_Driver/Src/stm32g0xx_hal_rcc.o
 .debug_line    0x00000000000059a4      0xaad ./Drivers/STM32G0xx_HAL_Driver/Src/stm32g0xx_hal_rcc_ex.o
 .debug_line    0x0000000000006451      0x8e7 ./Drivers/STM32G0xx_HAL_Driver/Src/stm32g0xx_ll_gpio.o
 .debug_line    0x0000000000006d38      0xcdd ./Drivers/STM32G0xx_HAL_Driver/Src/stm32g0xx_ll_rcc.o
 .debug_line    0x0000000000007a15      0xe32 ./Drivers/STM32G0xx_HAL_Driver/Src/stm32g0xx_ll_tim.o
 .debug_line    0x0000000000008847      0x972 ./Drivers/STM32G0xx_HAL_Driver/Src/stm32g0xx_ll_usart.o
 .debug_line    0x00000000000091b9      0xb89 ./Drivers/STM32G0xx_HAL_Driver/Src/stm32g0xx_ll_utils.o

.debug_str      0x0000000000000000    0x83317
 .debug_str     0x0000000000000000    0x7e2ca ./Core/Src/main.o
                                      0x7e918 (size before relaxing)
 .debug_str     0x000000000007e2ca       0x2c ./Core/Src/stm32g0xx_hal_msp.o
                                      0x7df9d (size before relaxing)
 .debug_str     0x000000000007e2f6      0x130 ./Core/Src/stm32g0xx_it.o
                                      0x7e179 (size before relaxing)
 .debug_str     0x000000000007e426       0x7e ./Core/Src/system_stm32g0xx.o
                                      0x74d6a (size before relaxing)
 .debug_str     0x000000000007e4a4       0x34 ./Core/Startup/startup_stm32g030f6px.o
                                         0x77 (size before relaxing)
 .debug_str     0x000000000007e4d8      0x47a ./Drivers/STM32G0xx_HAL_Driver/Src/stm32g0xx_hal.o
                                      0x753f5 (size before relaxing)
 .debug_str     0x000000000007e952      0x26d ./Drivers/STM32G0xx_HAL_Driver/Src/stm32g0xx_hal_cortex.o
                                      0x751bc (size before relaxing)
 .debug_str     0x000000000007ebbf      0x221 ./Drivers/STM32G0xx_HAL_Driver/Src/stm32g0xx_hal_pwr_ex.o
                                      0x74fbe (size before relaxing)
 .debug_str     0x000000000007ede0      0x4bc ./Drivers/STM32G0xx_HAL_Driver/Src/stm32g0xx_hal_rcc.o
                                      0x7548e (size before relaxing)
 .debug_str     0x000000000007f29c      0x17b ./Drivers/STM32G0xx_HAL_Driver/Src/stm32g0xx_hal_rcc_ex.o
                                      0x750a6 (size before relaxing)
 .debug_str     0x000000000007f417      0x532 ./Drivers/STM32G0xx_HAL_Driver/Src/stm32g0xx_ll_gpio.o
                                      0x75f1a (size before relaxing)
 .debug_str     0x000000000007f949      0x54f ./Drivers/STM32G0xx_HAL_Driver/Src/stm32g0xx_ll_rcc.o
                                      0x752a1 (size before relaxing)
 .debug_str     0x000000000007fe98     0x1d58 ./Drivers/STM32G0xx_HAL_Driver/Src/stm32g0xx_ll_tim.o
                                      0x7b60b (size before relaxing)
 .debug_str     0x0000000000081bf0      0xa48 ./Drivers/STM32G0xx_HAL_Driver/Src/stm32g0xx_ll_usart.o
                                      0x777c7 (size before relaxing)
 .debug_str     0x0000000000082638      0xcdf ./Drivers/STM32G0xx_HAL_Driver/Src/stm32g0xx_ll_utils.o
                                      0x76c8e (size before relaxing)

.debug_frame    0x0000000000000000     0x2170
 .debug_frame   0x0000000000000000      0x3e0 ./Core/Src/main.o
 .debug_frame   0x00000000000003e0       0x30 ./Core/Src/stm32g0xx_hal_msp.o
 .debug_frame   0x0000000000000410      0x1f8 ./Core/Src/stm32g0xx_it.o
 .debug_frame   0x0000000000000608       0x4c ./Core/Src/system_stm32g0xx.o
 .debug_frame   0x0000000000000654      0x360 ./Drivers/STM32G0xx_HAL_Driver/Src/stm32g0xx_hal.o
 .debug_frame   0x00000000000009b4      0x33c ./Drivers/STM32G0xx_HAL_Driver/Src/stm32g0xx_hal_cortex.o
 .debug_frame   0x0000000000000cf0      0x1f4 ./Drivers/STM32G0xx_HAL_Driver/Src/stm32g0xx_hal_pwr_ex.o
 .debug_frame   0x0000000000000ee4      0x214 ./Drivers/STM32G0xx_HAL_Driver/Src/stm32g0xx_hal_rcc.o
 .debug_frame   0x00000000000010f8       0xb0 ./Drivers/STM32G0xx_HAL_Driver/Src/stm32g0xx_hal_rcc_ex.o
 .debug_frame   0x00000000000011a8      0x170 ./Drivers/STM32G0xx_HAL_Driver/Src/stm32g0xx_ll_gpio.o
 .debug_frame   0x0000000000001318      0x428 ./Drivers/STM32G0xx_HAL_Driver/Src/stm32g0xx_ll_rcc.o
 .debug_frame   0x0000000000001740      0x4d0 ./Drivers/STM32G0xx_HAL_Driver/Src/stm32g0xx_ll_tim.o
 .debug_frame   0x0000000000001c10      0x1d0 ./Drivers/STM32G0xx_HAL_Driver/Src/stm32g0xx_ll_usart.o
 .debug_frame   0x0000000000001de0      0x324 ./Drivers/STM32G0xx_HAL_Driver/Src/stm32g0xx_ll_utils.o
 .debug_frame   0x0000000000002104       0x20 C:/ST/STM32CubeIDE_1.10.0/STM32CubeIDE/plugins/com.st.stm32cube.ide.mcu.externaltools.gnu-tools-for-stm32.11.3.rel1.win32_1.1.100.202309141235/tools/bin/../lib/gcc/arm-none-eabi/11.3.1/../../../../arm-none-eabi/lib/thumb/v6-m/nofp\libc_nano.a(libc_a-memset.o)
 .debug_frame   0x0000000000002124       0x2c C:/ST/STM32CubeIDE_1.10.0/STM32CubeIDE/plugins/com.st.stm32cube.ide.mcu.externaltools.gnu-tools-for-stm32.11.3.rel1.win32_1.1.100.202309141235/tools/bin/../lib/gcc/arm-none-eabi/11.3.1/../../../../arm-none-eabi/lib/thumb/v6-m/nofp\libc_nano.a(libc_a-init.o)
 .debug_frame   0x0000000000002150       0x20 C:/ST/STM32CubeIDE_1.10.0/STM32CubeIDE/plugins/com.st.stm32cube.ide.mcu.externaltools.gnu-tools-for-stm32.11.3.rel1.win32_1.1.100.202309141235/tools/bin/../lib/gcc/arm-none-eabi/11.3.1/thumb/v6-m/nofp\libgcc.a(_udivsi3.o)

.debug_line_str
                0x0000000000000000       0x6b
 .debug_line_str
                0x0000000000000000       0x6b ./Core/Startup/startup_stm32g030f6px.o
                                         0x83 (size before relaxing)
