Archive member included to satisfy reference by file (symbol)

/opt/st/stm32cubeide_1.16.0/plugins/com.st.stm32cube.ide.mcu.externaltools.gnu-tools-for-stm32.12.3.rel1.linux64_1.0.200.202406132123/tools/bin/../lib/gcc/arm-none-eabi/12.3.1/../../../../arm-none-eabi/lib/thumb/v6-m/nofp/libc_nano.a(libc_a-exit.o)
                              /opt/st/stm32cubeide_1.16.0/plugins/com.st.stm32cube.ide.mcu.externaltools.gnu-tools-for-stm32.12.3.rel1.linux64_1.0.200.202406132123/tools/bin/../lib/gcc/arm-none-eabi/12.3.1/../../../../arm-none-eabi/lib/thumb/v6-m/nofp/crt0.o (exit)
/opt/st/stm32cubeide_1.16.0/plugins/com.st.stm32cube.ide.mcu.externaltools.gnu-tools-for-stm32.12.3.rel1.linux64_1.0.200.202406132123/tools/bin/../lib/gcc/arm-none-eabi/12.3.1/../../../../arm-none-eabi/lib/thumb/v6-m/nofp/libc_nano.a(libc_a-findfp.o)
                              /opt/st/stm32cubeide_1.16.0/plugins/com.st.stm32cube.ide.mcu.externaltools.gnu-tools-for-stm32.12.3.rel1.linux64_1.0.200.202406132123/tools/bin/../lib/gcc/arm-none-eabi/12.3.1/../../../../arm-none-eabi/lib/thumb/v6-m/nofp/libc_nano.a(libc_a-exit.o) (__stdio_exit_handler)
/opt/st/stm32cubeide_1.16.0/plugins/com.st.stm32cube.ide.mcu.externaltools.gnu-tools-for-stm32.12.3.rel1.linux64_1.0.200.202406132123/tools/bin/../lib/gcc/arm-none-eabi/12.3.1/../../../../arm-none-eabi/lib/thumb/v6-m/nofp/libc_nano.a(libc_a-fwalk.o)
                              /opt/st/stm32cubeide_1.16.0/plugins/com.st.stm32cube.ide.mcu.externaltools.gnu-tools-for-stm32.12.3.rel1.linux64_1.0.200.202406132123/tools/bin/../lib/gcc/arm-none-eabi/12.3.1/../../../../arm-none-eabi/lib/thumb/v6-m/nofp/libc_nano.a(libc_a-findfp.o) (_fwalk_sglue)
/opt/st/stm32cubeide_1.16.0/plugins/com.st.stm32cube.ide.mcu.externaltools.gnu-tools-for-stm32.12.3.rel1.linux64_1.0.200.202406132123/tools/bin/../lib/gcc/arm-none-eabi/12.3.1/../../../../arm-none-eabi/lib/thumb/v6-m/nofp/libc_nano.a(libc_a-stdio.o)
                              /opt/st/stm32cubeide_1.16.0/plugins/com.st.stm32cube.ide.mcu.externaltools.gnu-tools-for-stm32.12.3.rel1.linux64_1.0.200.202406132123/tools/bin/../lib/gcc/arm-none-eabi/12.3.1/../../../../arm-none-eabi/lib/thumb/v6-m/nofp/libc_nano.a(libc_a-findfp.o) (__sread)
/opt/st/stm32cubeide_1.16.0/plugins/com.st.stm32cube.ide.mcu.externaltools.gnu-tools-for-stm32.12.3.rel1.linux64_1.0.200.202406132123/tools/bin/../lib/gcc/arm-none-eabi/12.3.1/../../../../arm-none-eabi/lib/thumb/v6-m/nofp/libc_nano.a(libc_a-memset.o)
                              /opt/st/stm32cubeide_1.16.0/plugins/com.st.stm32cube.ide.mcu.externaltools.gnu-tools-for-stm32.12.3.rel1.linux64_1.0.200.202406132123/tools/bin/../lib/gcc/arm-none-eabi/12.3.1/../../../../arm-none-eabi/lib/thumb/v6-m/nofp/crt0.o (memset)
/opt/st/stm32cubeide_1.16.0/plugins/com.st.stm32cube.ide.mcu.externaltools.gnu-tools-for-stm32.12.3.rel1.linux64_1.0.200.202406132123/tools/bin/../lib/gcc/arm-none-eabi/12.3.1/../../../../arm-none-eabi/lib/thumb/v6-m/nofp/libc_nano.a(libc_a-closer.o)
                              /opt/st/stm32cubeide_1.16.0/plugins/com.st.stm32cube.ide.mcu.externaltools.gnu-tools-for-stm32.12.3.rel1.linux64_1.0.200.202406132123/tools/bin/../lib/gcc/arm-none-eabi/12.3.1/../../../../arm-none-eabi/lib/thumb/v6-m/nofp/libc_nano.a(libc_a-stdio.o) (_close_r)
/opt/st/stm32cubeide_1.16.0/plugins/com.st.stm32cube.ide.mcu.externaltools.gnu-tools-for-stm32.12.3.rel1.linux64_1.0.200.202406132123/tools/bin/../lib/gcc/arm-none-eabi/12.3.1/../../../../arm-none-eabi/lib/thumb/v6-m/nofp/libc_nano.a(libc_a-reent.o)
                              /opt/st/stm32cubeide_1.16.0/plugins/com.st.stm32cube.ide.mcu.externaltools.gnu-tools-for-stm32.12.3.rel1.linux64_1.0.200.202406132123/tools/bin/../lib/gcc/arm-none-eabi/12.3.1/../../../../arm-none-eabi/lib/thumb/v6-m/nofp/libc_nano.a(libc_a-closer.o) (errno)
/opt/st/stm32cubeide_1.16.0/plugins/com.st.stm32cube.ide.mcu.externaltools.gnu-tools-for-stm32.12.3.rel1.linux64_1.0.200.202406132123/tools/bin/../lib/gcc/arm-none-eabi/12.3.1/../../../../arm-none-eabi/lib/thumb/v6-m/nofp/libc_nano.a(libc_a-impure.o)
                              /opt/st/stm32cubeide_1.16.0/plugins/com.st.stm32cube.ide.mcu.externaltools.gnu-tools-for-stm32.12.3.rel1.linux64_1.0.200.202406132123/tools/bin/../lib/gcc/arm-none-eabi/12.3.1/../../../../arm-none-eabi/lib/thumb/v6-m/nofp/libc_nano.a(libc_a-reent.o) (_impure_ptr)
/opt/st/stm32cubeide_1.16.0/plugins/com.st.stm32cube.ide.mcu.externaltools.gnu-tools-for-stm32.12.3.rel1.linux64_1.0.200.202406132123/tools/bin/../lib/gcc/arm-none-eabi/12.3.1/../../../../arm-none-eabi/lib/thumb/v6-m/nofp/libc_nano.a(libc_a-lseekr.o)
                              /opt/st/stm32cubeide_1.16.0/plugins/com.st.stm32cube.ide.mcu.externaltools.gnu-tools-for-stm32.12.3.rel1.linux64_1.0.200.202406132123/tools/bin/../lib/gcc/arm-none-eabi/12.3.1/../../../../arm-none-eabi/lib/thumb/v6-m/nofp/libc_nano.a(libc_a-stdio.o) (_lseek_r)
[...]
Memory Configuration

Name             Origin             Length             Attributes
RAM              0x20000000         0x00002000         xrw
FLASH            0x08000000         0x00008000         xr
*default*        0x00000000         0xffffffff

Linker script and memory map

LOAD /opt/st/stm32cubeide_1.16.0/plugins/com.st.stm32cube.ide.mcu.externaltools.gnu-tools-for-stm32.12.3.rel1.linux64_1.0.200.202406132123/tools/bin/../lib/gcc/arm-none-eabi/12.3.1/thumb/v6-m/nofp/crti.o
LOAD /opt/st/stm32cubeide_1.16.0/plugins/com.st.stm32cube.ide.mcu.externaltools.gnu-tools-for-stm32.12.3.rel1.linux64_1.0.200.202406132123/tools/bin/../lib/gcc/arm-none-eabi/12.3.1/thumb/v6-m/nofp/crtbegin.o
LOAD /opt/st/stm32cubeide_1.16.0/plugins/com.st.stm32cube.ide.mcu.externaltools.gnu-tools-for-stm32.12.3.rel1.linux64_1.0.200.202406132123/tools/bin/../lib/gcc/arm-none-eabi/12.3.1/../../../../arm-none-eabi/lib/thumb/v6-m/nofp/crt0.o
LOAD ./Core/Src/main.o
LOAD ./Core/Src/stm32g0xx_hal_msp.o
LOAD ./Core/Src/stm32g0xx_it.o
LOAD ./Core/Src/syscalls.o
LOAD ./Core/Src/sysmem.o
LOAD ./Core/Src/system_stm32g0xx.o
LOAD ./Core/Startup/startup_stm32g030f6px.o
LOAD ./Drivers/STM32G0xx_HAL_Driver/Src/stm32g0xx_hal.o
LOAD ./Drivers/STM32G0xx_HAL_Driver/Src/stm32g0xx_hal_cortex.o
LOAD ./Drivers/STM32G0xx_HAL_Driver/Src/stm32g0xx_hal_dma.o
LOAD ./Drivers/STM32G0xx_HAL_Driver/Src/stm32g0xx_hal_dma_ex.o
LOAD ./Drivers/STM32G0xx_HAL_Driver/Src/stm32g0xx_hal_exti.o
LOAD ./Drivers/STM32G0xx_HAL_Driver/Src/stm32g0xx_hal_flash.o
LOAD ./Drivers/STM32G0xx_HAL_Driver/Src/stm32g0xx_hal_flash_ex.o
LOAD ./Drivers/STM32G0xx_HAL_Driver/Src/stm32g0xx_hal_gpio.o
LOAD ./Drivers/STM32G0xx_HAL_Driver/Src/stm32g0xx_hal_pwr.o
LOAD ./Drivers/STM32G0xx_HAL_Driver/Src/stm32g0xx_hal_pwr_ex.o
LOAD ./Drivers/STM32G0xx_HAL_Driver/Src/stm32g0xx_hal_rcc.o
LOAD ./Drivers/STM32G0xx_HAL_Driver/Src/stm32g0xx_hal_rcc_ex.o
LOAD ./Drivers/STM32G0xx_HAL_Driver/Src/stm32g0xx_hal_tim.o
LOAD ./Drivers/STM32G0xx_HAL_Driver/Src/stm32g0xx_hal_tim_ex.o
LOAD ./Drivers/STM32G0xx_HAL_Driver/Src/stm32g0xx_ll_dma.o
LOAD ./Drivers/STM32G0xx_HAL_Driver/Src/stm32g0xx_ll_exti.o
LOAD ./Drivers/STM32G0xx_HAL_Driver/Src/stm32g0xx_ll_gpio.o
LOAD ./Drivers/STM32G0xx_HAL_Driver/Src/stm32g0xx_ll_rcc.o
LOAD ./Drivers/STM32G0xx_HAL_Driver/Src/stm32g0xx_ll_tim.o
LOAD ./Drivers/STM32G0xx_HAL_Driver/Src/stm32g0xx_ll_usart.o
LOAD ./Drivers/STM32G0xx_HAL_Driver/Src/stm32g0xx_ll_utils.o
START GROUP
LOAD /opt/st/stm32cubeide_1.16.0/plugins/com.st.stm32cube.ide.mcu.externaltools.gnu-tools-for-stm32.12.3.rel1.linux64_1.0.200.202406132123/tools/bin/../lib/gcc/arm-none-eabi/12.3.1/../../../../arm-none-eabi/lib/thumb/v6-m/nofp/libc_nano.a
LOAD /opt/st/stm32cubeide_1.16.0/plugins/com.st.stm32cube.ide.mcu.externaltools.gnu-tools-for-stm32.12.3.rel1.linux64_1.0.200.202406132123/tools/bin/../lib/gcc/arm-none-eabi/12.3.1/../../../../arm-none-eabi/lib/thumb/v6-m/nofp/libm.a
END GROUP
START GROUP
LOAD /opt/st/stm32cubeide_1.16.0/plugins/com.st.stm32cube.ide.mcu.externaltools.gnu-tools-for-stm32.12.3.rel1.linux64_1.0.200.202406132123/tools/bin/../lib/gcc/arm-none-eabi/12.3.1/thumb/v6-m/nofp/libgcc.a
LOAD /opt/st/stm32cubeide_1.16.0/plugins/com.st.stm32cube.ide.mcu.externaltools.gnu-tools-for-stm32.12.3.rel1.linux64_1.0.200.202406132123/tools/bin/../lib/gcc/arm-none-eabi/12.3.1/../../../../arm-none-eabi/lib/thumb/v6-m/nofp/libc_nano.a
END GROUP
START GROUP
LOAD /opt/st/stm32cubeide_1.16.0/plugins/com.st.stm32cube.ide.mcu.externaltools.gnu-tools-for-stm32.12.3.rel1.linux64_1.0.200.202406132123/tools/bin/../lib/gcc/arm-none-eabi/12.3.1/thumb/v6-m/nofp/libgcc.a
LOAD /opt/st/stm32cubeide_1.16.0/plugins/com.st.stm32cube.ide.mcu.externaltools.gnu-tools-for-stm32.12.3.rel1.linux64_1.0.200.202406132123/tools/bin/../lib/gcc/arm-none-eabi/12.3.1/../../../../arm-none-eabi/lib/thumb/v6-m/nofp/libc_nano.a
LOAD /opt/st/stm32cubeide_1.16.0/plugins/com.st.stm32cube.ide.mcu.externaltools.gnu-tools-for-stm32.12.3.rel1.linux64_1.0.200.202406132123/tools/bin/../lib/gcc/arm-none-eabi/12.3.1/../../../../arm-none-eabi/lib/thumb/v6-m/nofp/libnosys.a
END GROUP
START GROUP
LOAD /opt/st/stm32cubeide_1.16.0/plugins/com.st.stm32cube.ide.mcu.externaltools.gnu-tools-for-stm32.12.3.rel1.linux64_1.0.200.202406132123/tools/bin/../lib/gcc/arm-none-eabi/12.3.1/thumb/v6-m/nofp/libgcc.a
LOAD /opt/st/stm32cubeide_1.16.0/plugins/com.st.stm32cube.ide.mcu.externaltools.gnu-tools-for-stm32.12.3.rel1.linux64_1.0.200.202406132123/tools/bin/../lib/gcc/arm-none-eabi/12.3.1/../../../../arm-none-eabi/lib/thumb/v6-m/nofp/libc_nano.a
LOAD /opt/st/stm32cubeide_1.16.0/plugins/com.st.stm32cube.ide.mcu.externaltools.gnu-tools-for-stm32.12.3.rel1.linux64_1.0.200.202406132123/tools/bin/../lib/gcc/arm-none-eabi/12.3.1/../../../../arm-none-eabi/lib/thumb/v6-m/nofp/libnosys.a
END GROUP
LOAD /opt/st/stm32cubeide_1.16.0/plugins/com.st.stm32cube.ide.mcu.externaltools.gnu-tools-for-stm32.12.3.rel1.linux64_1.0.200.202406132123/tools/bin/../lib/gcc/arm-none-eabi/12.3.1/thumb/v6-m/nofp/crtend.o
LOAD /opt/st/stm32cubeide_1.16.0/plugins/com.st.stm32cube.ide.mcu.externaltools.gnu-tools-for-stm32.12.3.rel1.linux64_1.0.200.202406132123/tools/bin/../lib/gcc/arm-none-eabi/12.3.1/thumb/v6-m/nofp/crtn.o
                0x20002000                        _estack = (ORIGIN (RAM) + LENGTH (RAM))
                0x00000200                        _Min_Heap_Size = 0x200
                0x00000400                        _Min_Stack_Size = 0x400

.isr_vector     0x08000000       0xb8
                0x08000000                        . = ALIGN (0x4)
 *(.isr_vector)
 .isr_vector    0x08000000       0xb8 ./Core/Startup/startup_stm32g030f6px.o
                0x08000000                g_pfnVectors
                0x080000b8                        . = ALIGN (0x4)

.text           0x080000b8     0x2a30
                0x080000b8                        . = ALIGN (0x4)
 *(.text)
 .text          0x080000b8       0x48 /opt/st/stm32cubeide_1.16.0/plugins/com.st.stm32cube.ide.mcu.externaltools.gnu-tools-for-stm32.12.3.rel1.linux64_1.0.200.202406132123/tools/bin/../lib/gcc/arm-none-eabi/12.3.1/thumb/v6-m/nofp/crtbegin.o
 .text          0x08000100      0x114 /opt/st/stm32cubeide_1.16.0/plugins/com.st.stm32cube.ide.mcu.externaltools.gnu-tools-for-stm32.12.3.rel1.linux64_1.0.200.202406132123/tools/bin/../lib/gcc/arm-none-eabi/12.3.1/thumb/v6-m/nofp/libgcc.a(_udivsi3.o)
                0x08000100                __udivsi3
                0x08000100                __aeabi_uidiv
                0x0800020c                __aeabi_uidivmod
 .text          0x08000214        0x4 /opt/st/stm32cubeide_1.16.0/plugins/com.st.stm32cube.ide.mcu.externaltools.gnu-tools-for-stm32.12.3.rel1.linux64_1.0.200.202406132123/tools/bin/../lib/gcc/arm-none-eabi/12.3.1/thumb/v6-m/nofp/libgcc.a(_dvmd_tls.o)
                0x08000214                __aeabi_ldiv0
                0x08000214                __aeabi_idiv0
 *(.text*)
 .text.__NVIC_EnableIRQ
                0x08000218       0x34 ./Core/Src/main.o
 .text.__NVIC_SetPriority
                0x0800024c       0xdc ./Core/Src/main.o
 .text.LL_TIM_EnableCounter
                0x08000328       0x1c ./Core/Src/main.o
 .text.LL_TIM_EnableARRPreload
                0x08000344       0x1c ./Core/Src/main.o
 .text.LL_TIM_EnableIT_UPDATE
                0x08000360       0x1c ./Core/Src/main.o
 .text.LL_USART_Enable
                0x0800037c       0x1c ./Core/Src/main.o
 .text.LL_USART_DisableFIFO
                0x08000398       0x20 ./Core/Src/main.o
 .text.LL_USART_SetTXFIFOThreshold
                0x080003b8       0x46 ./Core/Src/main.o
 *fill*         0x080003fe        0x2 
 .text.LL_USART_SetRXFIFOThreshold
                0x08000400       0x4c ./Core/Src/main.o
 .text.LL_USART_ConfigAsyncMode
                0x0800044c       0x30 ./Core/Src/main.o
 .text.LL_USART_IsActiveFlag_TEACK
                0x0800047c       0x28 ./Core/Src/main.o
 .text.LL_USART_IsActiveFlag_REACK
                0x080004a4       0x28 ./Core/Src/main.o
 .text.LL_USART_EnableIT_RXNE_RXFNE
                0x080004cc       0x3e ./Core/Src/main.o
 .text.LL_GPIO_SetOutputPin
                0x0800050a       0x18 ./Core/Src/main.o
 .text.LL_GPIO_ResetOutputPin
                0x08000522       0x18 ./Core/Src/main.o
 *fill*         0x0800053a        0x2 
 .text.LL_APB1_GRP1_EnableClock
                0x0800053c       0x2c ./Core/Src/main.o
 .text.LL_APB2_GRP1_EnableClock
                0x08000568       0x2c ./Core/Src/main.o
 .text.LL_IOP_GRP1_EnableClock
                0x08000594       0x2c ./Core/Src/main.o
 .text.USART2_Send
                0x080005c0       0x2c ./Core/Src/main.o
                0x080005c0                USART2_Send
 .text.Send_String_To_TRX
                0x080005ec       0x46 ./Core/Src/main.o
                0x080005ec                Send_String_To_TRX
 .text.ResetAllOuts
                0x08000632       0x6a ./Core/Src/main.o
                0x08000632                ResetAllOuts
 .text.SetOutput
                0x0800069c      0x10c ./Core/Src/main.o
                0x0800069c                SetOutput
 .text.main     0x080007a8       0xa0 ./Core/Src/main.o
                0x080007a8                main
 .text.SystemClock_Config
                0x08000848       0x90 ./Core/Src/main.o
                0x08000848                SystemClock_Config
 .text.MX_TIM14_Init
                0x080008d8       0x6c ./Core/Src/main.o
 .text.MX_USART1_UART_Init
                0x08000944      0x16c ./Core/Src/main.o
 .text.MX_USART2_UART_Init
                0x08000ab0      0x120 ./Core/Src/main.o
 .text.MX_GPIO_Init
                0x08000bd0      0x208 ./Core/Src/main.o
 .text.Error_Handler
                0x08000dd8        0xc ./Core/Src/main.o
                0x08000dd8                Error_Handler
 .text.HAL_MspInit
                0x08000de4       0x48 ./Core/Src/stm32g0xx_hal_msp.o
                0x08000de4                HAL_MspInit
 .text.LL_TIM_ClearFlag_UPDATE
                0x08000e2c       0x18 ./Core/Src/stm32g0xx_it.o
 .text.LL_TIM_IsActiveFlag_UPDATE
                0x08000e44       0x22 ./Core/Src/stm32g0xx_it.o
 .text.LL_USART_IsActiveFlag_RXNE_RXFNE
                0x08000e66       0x22 ./Core/Src/stm32g0xx_it.o
 .text.LL_USART_EnableIT_RXNE_RXFNE
                0x08000e88       0x3e ./Core/Src/stm32g0xx_it.o
 .text.LL_USART_DisableIT_RXNE_RXFNE
                0x08000ec6       0x40 ./Core/Src/stm32g0xx_it.o
 .text.LL_USART_ReceiveData8
                0x08000f06       0x16 ./Core/Src/stm32g0xx_it.o
 .text.LL_USART_TransmitData8
                0x08000f1c       0x1e ./Core/Src/stm32g0xx_it.o
 .text.LL_GPIO_TogglePin
                0x08000f3a       0x2e ./Core/Src/stm32g0xx_it.o
 .text.NMI_Handler
                0x08000f68        0x8 ./Core/Src/stm32g0xx_it.o
                0x08000f68                NMI_Handler
 .text.HardFault_Handler
                0x08000f70        0x8 ./Core/Src/stm32g0xx_it.o
                0x08000f70                HardFault_Handler
 .text.SVC_Handler
                0x08000f78        0xa ./Core/Src/stm32g0xx_it.o
                0x08000f78                SVC_Handler
 .text.PendSV_Handler
                0x08000f82        0xa ./Core/Src/stm32g0xx_it.o
                0x08000f82                PendSV_Handler
 .text.SysTick_Handler
                0x08000f8c        0xe ./Core/Src/stm32g0xx_it.o
                0x08000f8c                SysTick_Handler
 *fill*         0x08000f9a        0x2 
 .text.TIM14_IRQHandler
                0x08000f9c       0x34 ./Core/Src/stm32g0xx_it.o
                0x08000f9c                TIM14_IRQHandler
 .text.USART1_IRQHandler
                0x08000fd0       0xbc ./Core/Src/stm32g0xx_it.o
                0x08000fd0                USART1_IRQHandler
 .text.USART2_IRQHandler
                0x0800108c      0x220 ./Core/Src/stm32g0xx_it.o
                0x0800108c                USART2_IRQHandler
 .text.SystemInit
                0x080012ac        0xa ./Core/Src/system_stm32g0xx.o
                0x080012ac                SystemInit
 *fill*         0x080012b6        0x2 
 .text.Reset_Handler
                0x080012b8       0x50 ./Core/Startup/startup_stm32g030f6px.o
                0x080012b8                Reset_Handler
 .text.Default_Handler
                0x08001308        0x2 ./Core/Startup/startup_stm32g030f6px.o
                0x08001308                TIM1_CC_IRQHandler
                0x08001308                I2C1_IRQHandler
                0x08001308                RTC_TAMP_IRQHandler
                0x08001308                SPI1_IRQHandler
                0x08001308                DMA1_Ch4_5_DMAMUX1_OVR_IRQHandler
                0x08001308                EXTI2_3_IRQHandler
                0x08001308                ADC1_IRQHandler
                0x08001308                I2C2_IRQHandler
                0x08001308                TIM17_IRQHandler
                0x08001308                TIM16_IRQHandler
                0x08001308                TIM3_IRQHandler
                0x08001308                EXTI4_15_IRQHandler
                0x08001308                RCC_IRQHandler
                0x08001308                DMA1_Channel1_IRQHandler
                0x08001308                Default_Handler
                0x08001308                EXTI0_1_IRQHandler
                0x08001308                SPI2_IRQHandler
                0x08001308                WWDG_IRQHandler
                0x08001308                DMA1_Channel2_3_IRQHandler
                0x08001308                FLASH_IRQHandler
                0x08001308                TIM1_BRK_UP_TRG_COM_IRQHandler
 *fill*         0x0800130a        0x2 
 .text.HAL_Init
                0x0800130c       0x40 ./Drivers/STM32G0xx_HAL_Driver/Src/stm32g0xx_hal.o
                0x0800130c                HAL_Init
 .text.HAL_InitTick
                0x0800134c       0x94 ./Drivers/STM32G0xx_HAL_Driver/Src/stm32g0xx_hal.o
                0x0800134c                HAL_InitTick
 .text.HAL_IncTick
                0x080013e0       0x24 ./Drivers/STM32G0xx_HAL_Driver/Src/stm32g0xx_hal.o
                0x080013e0                HAL_IncTick
 .text.HAL_GetTick
                0x08001404       0x14 ./Drivers/STM32G0xx_HAL_Driver/Src/stm32g0xx_hal.o
                0x08001404                HAL_GetTick
 .text.__NVIC_SetPriority
                0x08001418       0xdc ./Drivers/STM32G0xx_HAL_Driver/Src/stm32g0xx_hal_cortex.o
 .text.SysTick_Config
                0x080014f4       0x48 ./Drivers/STM32G0xx_HAL_Driver/Src/stm32g0xx_hal_cortex.o
 .text.HAL_NVIC_SetPriority
                0x0800153c       0x2a ./Drivers/STM32G0xx_HAL_Driver/Src/stm32g0xx_hal_cortex.o
                0x0800153c                HAL_NVIC_SetPriority
 .text.HAL_SYSTICK_Config
                0x08001566       0x1a ./Drivers/STM32G0xx_HAL_Driver/Src/stm32g0xx_hal_cortex.o
                0x08001566                HAL_SYSTICK_Config
 .text.HAL_PWREx_ControlVoltageScaling
                0x08001580       0x80 ./Drivers/STM32G0xx_HAL_Driver/Src/stm32g0xx_hal_pwr_ex.o
                0x08001580                HAL_PWREx_ControlVoltageScaling
 .text.HAL_RCC_OscConfig
                0x08001600      0x620 ./Drivers/STM32G0xx_HAL_Driver/Src/stm32g0xx_hal_rcc.o
                0x08001600                HAL_RCC_OscConfig
 .text.HAL_RCC_ClockConfig
                0x08001c20      0x210 ./Drivers/STM32G0xx_HAL_Driver/Src/stm32g0xx_hal_rcc.o
                0x08001c20                HAL_RCC_ClockConfig
 .text.HAL_RCC_GetSysClockFreq
                0x08001e30      0x104 ./Drivers/STM32G0xx_HAL_Driver/Src/stm32g0xx_hal_rcc.o
                0x08001e30                HAL_RCC_GetSysClockFreq
 .text.HAL_RCCEx_PeriphCLKConfig
                0x08001f34      0x24c ./Drivers/STM32G0xx_HAL_Driver/Src/stm32g0xx_hal_rcc_ex.o
                0x08001f34                HAL_RCCEx_PeriphCLKConfig
 .text.LL_GPIO_SetPinMode
                0x08002180       0x38 ./Drivers/STM32G0xx_HAL_Driver/Src/stm32g0xx_ll_gpio.o
 .text.LL_GPIO_SetPinOutputType
                0x080021b8       0x2a ./Drivers/STM32G0xx_HAL_Driver/Src/stm32g0xx_ll_gpio.o
 .text.LL_GPIO_SetPinSpeed
                0x080021e2       0x38 ./Drivers/STM32G0xx_HAL_Driver/Src/stm32g0xx_ll_gpio.o
 .text.LL_GPIO_SetPinPull
                0x0800221a       0x38 ./Drivers/STM32G0xx_HAL_Driver/Src/stm32g0xx_ll_gpio.o
 .text.LL_GPIO_SetAFPin_0_7
                0x08002252       0x46 ./Drivers/STM32G0xx_HAL_Driver/Src/stm32g0xx_ll_gpio.o
 .text.LL_GPIO_SetAFPin_8_15
                0x08002298       0x5a ./Drivers/STM32G0xx_HAL_Driver/Src/stm32g0xx_ll_gpio.o
 .text.LL_GPIO_Init
                0x080022f2       0xb6 ./Drivers/STM32G0xx_HAL_Driver/Src/stm32g0xx_ll_gpio.o
                0x080022f2                LL_GPIO_Init
 .text.LL_RCC_HSI_IsReady
                0x080023a8       0x28 ./Drivers/STM32G0xx_HAL_Driver/Src/stm32g0xx_ll_rcc.o
 .text.LL_RCC_LSE_IsReady
                0x080023d0       0x20 ./Drivers/STM32G0xx_HAL_Driver/Src/stm32g0xx_ll_rcc.o
 .text.LL_RCC_GetSysClkSource
                0x080023f0       0x18 ./Drivers/STM32G0xx_HAL_Driver/Src/stm32g0xx_ll_rcc.o
 .text.LL_RCC_GetAHBPrescaler
                0x08002408       0x18 ./Drivers/STM32G0xx_HAL_Driver/Src/stm32g0xx_ll_rcc.o
 .text.LL_RCC_GetAPB1Prescaler
                0x08002420       0x18 ./Drivers/STM32G0xx_HAL_Driver/Src/stm32g0xx_ll_rcc.o
 .text.LL_RCC_GetUSARTClockSource
                0x08002438       0x24 ./Drivers/STM32G0xx_HAL_Driver/Src/stm32g0xx_ll_rcc.o
 .text.LL_RCC_PLL_GetN
                0x0800245c       0x18 ./Drivers/STM32G0xx_HAL_Driver/Src/stm32g0xx_ll_rcc.o
 .text.LL_RCC_PLL_GetR
                0x08002474       0x18 ./Drivers/STM32G0xx_HAL_Driver/Src/stm32g0xx_ll_rcc.o
 .text.LL_RCC_PLL_GetMainSource
                0x0800248c       0x18 ./Drivers/STM32G0xx_HAL_Driver/Src/stm32g0xx_ll_rcc.o
 .text.LL_RCC_PLL_GetDivider
                0x080024a4       0x18 ./Drivers/STM32G0xx_HAL_Driver/Src/stm32g0xx_ll_rcc.o
 .text.LL_RCC_GetSystemClocksFreq
                0x080024bc       0x3a ./Drivers/STM32G0xx_HAL_Driver/Src/stm32g0xx_ll_rcc.o
                0x080024bc                LL_RCC_GetSystemClocksFreq
 *fill*         0x080024f6        0x2 
 .text.LL_RCC_GetUSARTClockFreq
                0x080024f8       0x9c ./Drivers/STM32G0xx_HAL_Driver/Src/stm32g0xx_ll_rcc.o
                0x080024f8                LL_RCC_GetUSARTClockFreq
 .text.RCC_GetSystemClockFreq
                0x08002594       0x5c ./Drivers/STM32G0xx_HAL_Driver/Src/stm32g0xx_ll_rcc.o
 .text.RCC_GetHCLKClockFreq
                0x080025f0       0x30 ./Drivers/STM32G0xx_HAL_Driver/Src/stm32g0xx_ll_rcc.o
 .text.RCC_GetPCLK1ClockFreq
                0x08002620       0x2c ./Drivers/STM32G0xx_HAL_Driver/Src/stm32g0xx_ll_rcc.o
 .text.RCC_PLL_GetFreqDomain_SYS
                0x0800264c       0x74 ./Drivers/STM32G0xx_HAL_Driver/Src/stm32g0xx_ll_rcc.o
 .text.LL_TIM_SetPrescaler
                0x080026c0       0x18 ./Drivers/STM32G0xx_HAL_Driver/Src/stm32g0xx_ll_tim.o
 .text.LL_TIM_SetAutoReload
                0x080026d8       0x18 ./Drivers/STM32G0xx_HAL_Driver/Src/stm32g0xx_ll_tim.o
 .text.LL_TIM_SetRepetitionCounter
                0x080026f0       0x18 ./Drivers/STM32G0xx_HAL_Driver/Src/stm32g0xx_ll_tim.o
 .text.LL_TIM_GenerateEvent_UPDATE
                0x08002708       0x1c ./Drivers/STM32G0xx_HAL_Driver/Src/stm32g0xx_ll_tim.o
 .text.LL_TIM_Init
                0x08002724       0xdc ./Drivers/STM32G0xx_HAL_Driver/Src/stm32g0xx_ll_tim.o
                0x08002724                LL_TIM_Init
 .text.LL_USART_IsEnabled
                0x08002800       0x22 ./Drivers/STM32G0xx_HAL_Driver/Src/stm32g0xx_ll_usart.o
 .text.LL_USART_SetPrescaler
                0x08002822       0x24 ./Drivers/STM32G0xx_HAL_Driver/Src/stm32g0xx_ll_usart.o
 *fill*         0x08002846        0x2 
 .text.LL_USART_SetStopBitsLength
                0x08002848       0x28 ./Drivers/STM32G0xx_HAL_Driver/Src/stm32g0xx_ll_usart.o
 .text.LL_USART_SetHWFlowCtrl
                0x08002870       0x28 ./Drivers/STM32G0xx_HAL_Driver/Src/stm32g0xx_ll_usart.o
 .text.LL_USART_SetBaudRate
                0x08002898       0xb4 ./Drivers/STM32G0xx_HAL_Driver/Src/stm32g0xx_ll_usart.o
 .text.LL_USART_Init
                0x0800294c       0xe4 ./Drivers/STM32G0xx_HAL_Driver/Src/stm32g0xx_ll_usart.o
                0x0800294c                LL_USART_Init
 .text.LL_mDelay
                0x08002a30       0x48 ./Drivers/STM32G0xx_HAL_Driver/Src/stm32g0xx_ll_utils.o
                0x08002a30                LL_mDelay
 .text.memset   0x08002a78       0x10 /opt/st/stm32cubeide_1.16.0/plugins/com.st.stm32cube.ide.mcu.externaltools.gnu-tools-for-stm32.12.3.rel1.linux64_1.0.200.202406132123/tools/bin/../lib/gcc/arm-none-eabi/12.3.1/../../../../arm-none-eabi/lib/thumb/v6-m/nofp/libc_nano.a(libc_a-memset.o)
                0x08002a78                memset
 .text.__libc_init_array
                0x08002a88       0x48 /opt/st/stm32cubeide_1.16.0/plugins/com.st.stm32cube.ide.mcu.externaltools.gnu-tools-for-stm32.12.3.rel1.linux64_1.0.200.202406132123/tools/bin/../lib/gcc/arm-none-eabi/12.3.1/../../../../arm-none-eabi/lib/thumb/v6-m/nofp/libc_nano.a(libc_a-init.o)
                0x08002a88                __libc_init_array
 *(.glue_7)
 .glue_7        0x08002ad0        0x0 linker stubs
 *(.glue_7t)
 .glue_7t       0x08002ad0        0x0 linker stubs
 *(.eh_frame)
 .eh_frame      0x08002ad0        0x0 /opt/st/stm32cubeide_1.16.0/plugins/com.st.stm32cube.ide.mcu.externaltools.gnu-tools-for-stm32.12.3.rel1.linux64_1.0.200.202406132123/tools/bin/../lib/gcc/arm-none-eabi/12.3.1/thumb/v6-m/nofp/crtbegin.o
 *(.init)
 .init          0x08002ad0        0x4 /opt/st/stm32cubeide_1.16.0/plugins/com.st.stm32cube.ide.mcu.externaltools.gnu-tools-for-stm32.12.3.rel1.linux64_1.0.200.202406132123/tools/bin/../lib/gcc/arm-none-eabi/12.3.1/thumb/v6-m/nofp/crti.o
                0x08002ad0                _init
 .init          0x08002ad4        0x8 /opt/st/stm32cubeide_1.16.0/plugins/com.st.stm32cube.ide.mcu.externaltools.gnu-tools-for-stm32.12.3.rel1.linux64_1.0.200.202406132123/tools/bin/../lib/gcc/arm-none-eabi/12.3.1/thumb/v6-m/nofp/crtn.o
 *(.fini)
 .fini          0x08002adc        0x4 /opt/st/stm32cubeide_1.16.0/plugins/com.st.stm32cube.ide.mcu.externaltools.gnu-tools-for-stm32.12.3.rel1.linux64_1.0.200.202406132123/tools/bin/../lib/gcc/arm-none-eabi/12.3.1/thumb/v6-m/nofp/crti.o
                0x08002adc                _fini
 .fini          0x08002ae0        0x8 /opt/st/stm32cubeide_1.16.0/plugins/com.st.stm32cube.ide.mcu.externaltools.gnu-tools-for-stm32.12.3.rel1.linux64_1.0.200.202406132123/tools/bin/../lib/gcc/arm-none-eabi/12.3.1/thumb/v6-m/nofp/crtn.o
                0x08002ae8                        . = ALIGN (0x4)
                0x08002ae8                        _etext = .

.vfp11_veneer   0x08002ae8        0x0
 .vfp11_veneer  0x08002ae8        0x0 linker stubs

.v4_bx          0x08002ae8        0x0
 .v4_bx         0x08002ae8        0x0 linker stubs

.iplt           0x08002ae8        0x0
 .iplt          0x08002ae8        0x0 /opt/st/stm32cubeide_1.16.0/plugins/com.st.stm32cube.ide.mcu.externaltools.gnu-tools-for-stm32.12.3.rel1.linux64_1.0.200.202406132123/tools/bin/../lib/gcc/arm-none-eabi/12.3.1/thumb/v6-m/nofp/crtbegin.o

.rodata         0x08002ae8       0x94
                0x08002ae8                        . = ALIGN (0x4)
 *(.rodata)
 .rodata        0x08002ae8        0x4 ./Core/Src/main.o
 *(.rodata*)
 .rodata.AHBPrescTable
                0x08002aec       0x40 ./Core/Src/system_stm32g0xx.o
                0x08002aec                AHBPrescTable
 .rodata.APBPrescTable
                0x08002b2c       0x20 ./Core/Src/system_stm32g0xx.o
                0x08002b2c                APBPrescTable
 .rodata.USART_PRESCALER_TAB
                0x08002b4c       0x30 ./Drivers/STM32G0xx_HAL_Driver/Src/stm32g0xx_ll_usart.o
                0x08002b7c                        . = ALIGN (0x4)

.rel.dyn        0x08002b7c        0x0
 .rel.iplt      0x08002b7c        0x0 /opt/st/stm32cubeide_1.16.0/plugins/com.st.stm32cube.ide.mcu.externaltools.gnu-tools-for-stm32.12.3.rel1.linux64_1.0.200.202406132123/tools/bin/../lib/gcc/arm-none-eabi/12.3.1/thumb/v6-m/nofp/crtbegin.o

.ARM.extab      0x08002b7c        0x0
                0x08002b7c                        . = ALIGN (0x4)
 *(.ARM.extab* .gnu.linkonce.armextab.*)
                0x08002b7c                        . = ALIGN (0x4)

.ARM            0x08002b7c        0x0
                0x08002b7c                        . = ALIGN (0x4)
                0x08002b7c                        __exidx_start = .
 *(.ARM.exidx*)
                0x08002b7c                        __exidx_end = .
                0x08002b7c                        . = ALIGN (0x4)

.preinit_array  0x08002b7c        0x0
                0x08002b7c                        . = ALIGN (0x4)
                0x08002b7c                        PROVIDE (__preinit_array_start = .)
 *(.preinit_array*)
                0x08002b7c                        PROVIDE (__preinit_array_end = .)
                0x08002b7c                        . = ALIGN (0x4)

.init_array     0x08002b7c        0x4
                0x08002b7c                        . = ALIGN (0x4)
                0x08002b7c                        PROVIDE (__init_array_start = .)
 *(SORT_BY_NAME(.init_array.*))
 *(.init_array*)
 .init_array    0x08002b7c        0x4 /opt/st/stm32cubeide_1.16.0/plugins/com.st.stm32cube.ide.mcu.externaltools.gnu-tools-for-stm32.12.3.rel1.linux64_1.0.200.202406132123/tools/bin/../lib/gcc/arm-none-eabi/12.3.1/thumb/v6-m/nofp/crtbegin.o
                0x08002b80                        PROVIDE (__init_array_end = .)
                0x08002b80                        . = ALIGN (0x4)

.fini_array     0x08002b80        0x4
                0x08002b80                        . = ALIGN (0x4)
                [!provide]                        PROVIDE (__fini_array_start = .)
 *(SORT_BY_NAME(.fini_array.*))
 *(.fini_array*)
 .fini_array    0x08002b80        0x4 /opt/st/stm32cubeide_1.16.0/plugins/com.st.stm32cube.ide.mcu.externaltools.gnu-tools-for-stm32.12.3.rel1.linux64_1.0.200.202406132123/tools/bin/../lib/gcc/arm-none-eabi/12.3.1/thumb/v6-m/nofp/crtbegin.o
                [!provide]                        PROVIDE (__fini_array_end = .)
                0x08002b84                        . = ALIGN (0x4)
                0x08002b84                        _sidata = LOADADDR (.data)

.data           0x20000000        0xc load address 0x08002b84
                0x20000000                        . = ALIGN (0x4)
                0x20000000                        _sdata = .
 *(.data)
 *(.data*)
 .data.SystemCoreClock
                0x20000000        0x4 ./Core/Src/system_stm32g0xx.o
                0x20000000                SystemCoreClock
 .data.uwTickPrio
                0x20000004        0x4 ./Drivers/STM32G0xx_HAL_Driver/Src/stm32g0xx_hal.o
                0x20000004                uwTickPrio
 .data.uwTickFreq
                0x20000008        0x1 ./Drivers/STM32G0xx_HAL_Driver/Src/stm32g0xx_hal.o
                0x20000008                uwTickFreq
 *(.RamFunc)
 *(.RamFunc*)
                0x2000000c                        . = ALIGN (0x4)
 *fill*         0x20000009        0x3 
                0x2000000c                        _edata = .

.igot.plt       0x2000000c        0x0 load address 0x08002b90
 .igot.plt      0x2000000c        0x0 /opt/st/stm32cubeide_1.16.0/plugins/com.st.stm32cube.ide.mcu.externaltools.gnu-tools-for-stm32.12.3.rel1.linux64_1.0.200.202406132123/tools/bin/../lib/gcc/arm-none-eabi/12.3.1/thumb/v6-m/nofp/crtbegin.o
                0x2000000c                        . = ALIGN (0x4)

.bss            0x2000000c       0x80 load address 0x08002b90
                0x2000000c                        _sbss = .
                0x2000000c                        __bss_start__ = _sbss
 *(.bss)
 .bss           0x2000000c       0x1c /opt/st/stm32cubeide_1.16.0/plugins/com.st.stm32cube.ide.mcu.externaltools.gnu-tools-for-stm32.12.3.rel1.linux64_1.0.200.202406132123/tools/bin/../lib/gcc/arm-none-eabi/12.3.1/thumb/v6-m/nofp/crtbegin.o
 *(.bss*)
 .bss.flag_band
                0x20000028        0x4 ./Core/Src/main.o
                0x20000028                flag_band
 .bss.isDataReady
                0x2000002c        0x4 ./Core/Src/main.o
                0x2000002c                isDataReady
 .bss.time_last_pcdata
                0x20000030        0x4 ./Core/Src/main.o
                0x20000030                time_last_pcdata
 .bss.PCData    0x20000034       0x28 ./Core/Src/main.o
                0x20000034                PCData
 .bss.TRXData   0x2000005c       0x28 ./Core/Src/main.o
                0x2000005c                TRXData
 .bss.cnt.1     0x20000084        0x1 ./Core/Src/stm32g0xx_it.o
 .bss.i.0       0x20000085        0x1 ./Core/Src/stm32g0xx_it.o
 *fill*         0x20000086        0x2 
 .bss.uwTick    0x20000088        0x4 ./Drivers/STM32G0xx_HAL_Driver/Src/stm32g0xx_hal.o
                0x20000088                uwTick
 *(COMMON)
                0x2000008c                        . = ALIGN (0x4)
                0x2000008c                        _ebss = .
                0x2000008c                        __bss_end__ = _ebss

._user_heap_stack
                0x2000008c      0x604 load address 0x08002b90
                0x20000090                        . = ALIGN (0x8)
 *fill*         0x2000008c        0x4 
                [!provide]                        PROVIDE (end = .)
                0x20000090                        PROVIDE (_end = .)
                0x20000290                        . = (. + _Min_Heap_Size)
 *fill*         0x20000090      0x200 
                0x20000690                        . = (. + _Min_Stack_Size)
 *fill*         0x20000290      0x400 
                0x20000690                        . = ALIGN (0x8)

/DISCARD/
 libc.a(*)
 libm.a(*)
 libgcc.a(*)

.ARM.attributes
                0x00000000       0x28
 *(.ARM.attributes)
 .ARM.attributes
                0x00000000       0x1e /opt/st/stm32cubeide_1.16.0/plugins/com.st.stm32cube.ide.mcu.externaltools.gnu-tools-for-stm32.12.3.rel1.linux64_1.0.200.202406132123/tools/bin/../lib/gcc/arm-none-eabi/12.3.1/thumb/v6-m/nofp/crti.o
 .ARM.attributes
                0x0000001e       0x2c /opt/st/stm32cubeide_1.16.0/plugins/com.st.stm32cube.ide.mcu.externaltools.gnu-tools-for-stm32.12.3.rel1.linux64_1.0.200.202406132123/tools/bin/../lib/gcc/arm-none-eabi/12.3.1/thumb/v6-m/nofp/crtbegin.o
 .ARM.attributes
                0x0000004a       0x2c ./Core/Src/main.o
 .ARM.attributes
                0x00000076       0x2c ./Core/Src/stm32g0xx_hal_msp.o
 .ARM.attributes
                0x000000a2       0x2c ./Core/Src/stm32g0xx_it.o
 .ARM.attributes
                0x000000ce       0x2c ./Core/Src/system_stm32g0xx.o
 .ARM.attributes
                0x000000fa       0x22 ./Core/Startup/startup_stm32g030f6px.o
 .ARM.attributes
                0x0000011c       0x2c ./Drivers/STM32G0xx_HAL_Driver/Src/stm32g0xx_hal.o
 .ARM.attributes
                0x00000148       0x2c ./Drivers/STM32G0xx_HAL_Driver/Src/stm32g0xx_hal_cortex.o
 .ARM.attributes
                0x00000174       0x2c ./Drivers/STM32G0xx_HAL_Driver/Src/stm32g0xx_hal_pwr_ex.o
 .ARM.attributes
                0x000001a0       0x2c ./Drivers/STM32G0xx_HAL_Driver/Src/stm32g0xx_hal_rcc.o
 .ARM.attributes
                0x000001cc       0x2c ./Drivers/STM32G0xx_HAL_Driver/Src/stm32g0xx_hal_rcc_ex.o
 .ARM.attributes
                0x000001f8       0x2c ./Drivers/STM32G0xx_HAL_Driver/Src/stm32g0xx_ll_gpio.o
 .ARM.attributes
                0x00000224       0x2c ./Drivers/STM32G0xx_HAL_Driver/Src/stm32g0xx_ll_rcc.o
 .ARM.attributes
                0x00000250       0x2c ./Drivers/STM32G0xx_HAL_Driver/Src/stm32g0xx_ll_tim.o
 .ARM.attributes
                0x0000027c       0x2c ./Drivers/STM32G0xx_HAL_Driver/Src/stm32g0xx_ll_usart.o
 .ARM.attributes
                0x000002a8       0x2c ./Drivers/STM32G0xx_HAL_Driver/Src/stm32g0xx_ll_utils.o
 .ARM.attributes
                0x000002d4       0x2c /opt/st/stm32cubeide_1.16.0/plugins/com.st.stm32cube.ide.mcu.externaltools.gnu-tools-for-stm32.12.3.rel1.linux64_1.0.200.202406132123/tools/bin/../lib/gcc/arm-none-eabi/12.3.1/../../../../arm-none-eabi/lib/thumb/v6-m/nofp/libc_nano.a(libc_a-memset.o)
 .ARM.attributes
                0x00000300       0x2c /opt/st/stm32cubeide_1.16.0/plugins/com.st.stm32cube.ide.mcu.externaltools.gnu-tools-for-stm32.12.3.rel1.linux64_1.0.200.202406132123/tools/bin/../lib/gcc/arm-none-eabi/12.3.1/../../../../arm-none-eabi/lib/thumb/v6-m/nofp/libc_nano.a(libc_a-init.o)
 .ARM.attributes
                0x0000032c       0x1e /opt/st/stm32cubeide_1.16.0/plugins/com.st.stm32cube.ide.mcu.externaltools.gnu-tools-for-stm32.12.3.rel1.linux64_1.0.200.202406132123/tools/bin/../lib/gcc/arm-none-eabi/12.3.1/thumb/v6-m/nofp/libgcc.a(_udivsi3.o)
 .ARM.attributes
                0x0000034a       0x1e /opt/st/stm32cubeide_1.16.0/plugins/com.st.stm32cube.ide.mcu.externaltools.gnu-tools-for-stm32.12.3.rel1.linux64_1.0.200.202406132123/tools/bin/../lib/gcc/arm-none-eabi/12.3.1/thumb/v6-m/nofp/libgcc.a(_dvmd_tls.o)
 .ARM.attributes
                0x00000368       0x1e /opt/st/stm32cubeide_1.16.0/plugins/com.st.stm32cube.ide.mcu.externaltools.gnu-tools-for-stm32.12.3.rel1.linux64_1.0.200.202406132123/tools/bin/../lib/gcc/arm-none-eabi/12.3.1/thumb/v6-m/nofp/crtn.o
OUTPUT(tx500_decoder.elf elf32-littlearm)
LOAD linker stubs
LOAD /opt/st/stm32cubeide_1.16.0/plugins/com.st.stm32cube.ide.mcu.externaltools.gnu-tools-for-stm32.12.3.rel1.linux64_1.0.200.202406132123/tools/bin/../lib/gcc/arm-none-eabi/12.3.1/../../../../arm-none-eabi/lib/thumb/v6-m/nofp/libc.a
LOAD /opt/st/stm32cubeide_1.16.0/plugins/com.st.stm32cube.ide.mcu.externaltools.gnu-tools-for-stm32.12.3.rel1.linux64_1.0.200.202406132123/tools/bin/../lib/gcc/arm-none-eabi/12.3.1/../../../../arm-none-eabi/lib/thumb/v6-m/nofp/libm.a
LOAD /opt/st/stm32cubeide_1.16.0/plugins/com.st.stm32cube.ide.mcu.externaltools.gnu-tools-for-stm32.12.3.rel1.linux64_1.0.200.202406132123/tools/bin/../lib/gcc/arm-none-eabi/12.3.1/thumb/v6-m/nofp/libgcc.a

.debug_info     0x00000000     0x78ae
 .debug_info    0x00000000     0x13d7 ./Core/Src/main.o
 .debug_info    0x000013d7      0x300 ./Core/Src/stm32g0xx_hal_msp.o
 .debug_info    0x000016d7      0x7dc ./Core/Src/stm32g0xx_it.o
 .debug_info    0x00001eb3      0x316 ./Core/Src/system_stm32g0xx.o
 .debug_info    0x000021c9       0x30 ./Core/Startup/startup_stm32g030f6px.o
 .debug_info    0x000021f9      0x8f0 ./Drivers/STM32G0xx_HAL_Driver/Src/stm32g0xx_hal.o
 .debug_info    0x00002ae9      0x8a9 ./Drivers/STM32G0xx_HAL_Driver/Src/stm32g0xx_hal_cortex.o
 .debug_info    0x00003392      0x496 ./Drivers/STM32G0xx_HAL_Driver/Src/stm32g0xx_hal_pwr_ex.o
 .debug_info    0x00003828      0xad0 ./Drivers/STM32G0xx_HAL_Driver/Src/stm32g0xx_hal_rcc.o
 .debug_info    0x000042f8      0x72b ./Drivers/STM32G0xx_HAL_Driver/Src/stm32g0xx_hal_rcc_ex.o
 .debug_info    0x00004a23      0x5e2 ./Drivers/STM32G0xx_HAL_Driver/Src/stm32g0xx_ll_gpio.o
 .debug_info    0x00005005      0x764 ./Drivers/STM32G0xx_HAL_Driver/Src/stm32g0xx_ll_rcc.o
 .debug_info    0x00005769     0x10f0 ./Drivers/STM32G0xx_HAL_Driver/Src/stm32g0xx_ll_tim.o
 .debug_info    0x00006859      0x797 ./Drivers/STM32G0xx_HAL_Driver/Src/stm32g0xx_ll_usart.o
 .debug_info    0x00006ff0      0x8be ./Drivers/STM32G0xx_HAL_Driver/Src/stm32g0xx_ll_utils.o

.debug_abbrev   0x00000000     0x1e30
 .debug_abbrev  0x00000000      0x387 ./Core/Src/main.o
 .debug_abbrev  0x00000387       0xdd ./Core/Src/stm32g0xx_hal_msp.o
 .debug_abbrev  0x00000464      0x251 ./Core/Src/stm32g0xx_it.o
 .debug_abbrev  0x000006b5      0x119 ./Core/Src/system_stm32g0xx.o
 .debug_abbrev  0x000007ce       0x24 ./Core/Startup/startup_stm32g030f6px.o
 .debug_abbrev  0x000007f2      0x2b4 ./Drivers/STM32G0xx_HAL_Driver/Src/stm32g0xx_hal.o
 .debug_abbrev  0x00000aa6      0x2ab ./Drivers/STM32G0xx_HAL_Driver/Src/stm32g0xx_hal_cortex.o
 .debug_abbrev  0x00000d51      0x1d7 ./Drivers/STM32G0xx_HAL_Driver/Src/stm32g0xx_hal_pwr_ex.o
 .debug_abbrev  0x00000f28      0x2a9 ./Drivers/STM32G0xx_HAL_Driver/Src/stm32g0xx_hal_rcc.o
 .debug_abbrev  0x000011d1      0x229 ./Drivers/STM32G0xx_HAL_Driver/Src/stm32g0xx_hal_rcc_ex.o
 .debug_abbrev  0x000013fa      0x1ad ./Drivers/STM32G0xx_HAL_Driver/Src/stm32g0xx_ll_gpio.o
 .debug_abbrev  0x000015a7      0x239 ./Drivers/STM32G0xx_HAL_Driver/Src/stm32g0xx_ll_rcc.o
 .debug_abbrev  0x000017e0      0x20d ./Drivers/STM32G0xx_HAL_Driver/Src/stm32g0xx_ll_tim.o
 .debug_abbrev  0x000019ed      0x208 ./Drivers/STM32G0xx_HAL_Driver/Src/stm32g0xx_ll_usart.o
 .debug_abbrev  0x00001bf5      0x23b ./Drivers/STM32G0xx_HAL_Driver/Src/stm32g0xx_ll_utils.o

.debug_aranges  0x00000000      0x9d0
 .debug_aranges
                0x00000000      0x110 ./Core/Src/main.o
 .debug_aranges
                0x00000110       0x20 ./Core/Src/stm32g0xx_hal_msp.o
 .debug_aranges
                0x00000130       0x98 ./Core/Src/stm32g0xx_it.o
 .debug_aranges
                0x000001c8       0x28 ./Core/Src/system_stm32g0xx.o
 .debug_aranges
                0x000001f0       0x28 ./Core/Startup/startup_stm32g030f6px.o
 .debug_aranges
                0x00000218      0x100 ./Drivers/STM32G0xx_HAL_Driver/Src/stm32g0xx_hal.o
 .debug_aranges
                0x00000318       0xe8 ./Drivers/STM32G0xx_HAL_Driver/Src/stm32g0xx_hal_cortex.o
 .debug_aranges
                0x00000400       0x98 ./Drivers/STM32G0xx_HAL_Driver/Src/stm32g0xx_hal_pwr_ex.o
 .debug_aranges
                0x00000498       0xa0 ./Drivers/STM32G0xx_HAL_Driver/Src/stm32g0xx_hal_rcc.o
 .debug_aranges
                0x00000538       0x40 ./Drivers/STM32G0xx_HAL_Driver/Src/stm32g0xx_hal_rcc_ex.o
 .debug_aranges
                0x00000578       0x70 ./Drivers/STM32G0xx_HAL_Driver/Src/stm32g0xx_ll_gpio.o
 .debug_aranges
                0x000005e8      0x130 ./Drivers/STM32G0xx_HAL_Driver/Src/stm32g0xx_ll_rcc.o
 .debug_aranges
                0x00000718      0x148 ./Drivers/STM32G0xx_HAL_Driver/Src/stm32g0xx_ll_tim.o
 .debug_aranges
                0x00000860       0x88 ./Drivers/STM32G0xx_HAL_Driver/Src/stm32g0xx_ll_usart.o
 .debug_aranges
                0x000008e8       0xe8 ./Drivers/STM32G0xx_HAL_Driver/Src/stm32g0xx_ll_utils.o

.debug_rnglists
                0x00000000      0x743
 .debug_rnglists
                0x00000000       0xce ./Core/Src/main.o
 .debug_rnglists
                0x000000ce       0x13 ./Core/Src/stm32g0xx_hal_msp.o
 .debug_rnglists
                0x000000e1       0x6f ./Core/Src/stm32g0xx_it.o
 .debug_rnglists
                0x00000150       0x1a ./Core/Src/system_stm32g0xx.o
 .debug_rnglists
                0x0000016a       0x19 ./Core/Startup/startup_stm32g030f6px.o
 .debug_rnglists
                0x00000183       0xbc ./Drivers/STM32G0xx_HAL_Driver/Src/stm32g0xx_hal.o
 .debug_rnglists
                0x0000023f       0xaa ./Drivers/STM32G0xx_HAL_Driver/Src/stm32g0xx_hal_cortex.o
 .debug_rnglists
                0x000002e9       0x72 ./Drivers/STM32G0xx_HAL_Driver/Src/stm32g0xx_hal_pwr_ex.o
 .debug_rnglists
                0x0000035b       0x79 ./Drivers/STM32G0xx_HAL_Driver/Src/stm32g0xx_hal_rcc.o
 .debug_rnglists
                0x000003d4       0x2f ./Drivers/STM32G0xx_HAL_Driver/Src/stm32g0xx_hal_rcc_ex.o
 .debug_rnglists
                0x00000403       0x51 ./Drivers/STM32G0xx_HAL_Driver/Src/stm32g0xx_ll_gpio.o
 .debug_rnglists
                0x00000454       0xe1 ./Drivers/STM32G0xx_HAL_Driver/Src/stm32g0xx_ll_rcc.o
 .debug_rnglists
                0x00000535       0xfe ./Drivers/STM32G0xx_HAL_Driver/Src/stm32g0xx_ll_tim.o
 .debug_rnglists
                0x00000633       0x63 ./Drivers/STM32G0xx_HAL_Driver/Src/stm32g0xx_ll_usart.o
 .debug_rnglists
                0x00000696       0xad ./Drivers/STM32G0xx_HAL_Driver/Src/stm32g0xx_ll_utils.o

.debug_macro    0x00000000    0x16178
 .debug_macro   0x00000000      0x21f ./Core/Src/main.o
 .debug_macro   0x0000021f      0xa90 ./Core/Src/main.o
 .debug_macro   0x00000caf      0x111 ./Core/Src/main.o
 .debug_macro   0x00000dc0       0x2e ./Core/Src/main.o
 .debug_macro   0x00000dee       0x28 ./Core/Src/main.o
 .debug_macro   0x00000e16       0x22 ./Core/Src/main.o
 .debug_macro   0x00000e38       0x8e ./Core/Src/main.o
 .debug_macro   0x00000ec6       0x51 ./Core/Src/main.o
 .debug_macro   0x00000f17      0x103 ./Core/Src/main.o
 .debug_macro   0x0000101a       0x6a ./Core/Src/main.o
 .debug_macro   0x00001084      0x1df ./Core/Src/main.o
 .debug_macro   0x00001263       0x1c ./Core/Src/main.o
 .debug_macro   0x0000127f       0x22 ./Core/Src/main.o
 .debug_macro   0x000012a1       0xd1 ./Core/Src/main.o
 .debug_macro   0x00001372      0x4da ./Core/Src/main.o
 .debug_macro   0x0000184c      0x11f ./Core/Src/main.o
 .debug_macro   0x0000196b     0xa0e8 ./Core/Src/main.o
 .debug_macro   0x0000ba53       0x66 ./Core/Src/main.o
 .debug_macro   0x0000bab9     0x350e ./Core/Src/main.o
 .debug_macro   0x0000efc7      0x189 ./Core/Src/main.o
 .debug_macro   0x0000f150       0x5c ./Core/Src/main.o
 .debug_macro   0x0000f1ac      0x470 ./Core/Src/main.o
 .debug_macro   0x0000f61c      0xe1a ./Core/Src/main.o
 .debug_macro   0x00010436      0x106 ./Core/Src/main.o
 .debug_macro   0x0001053c      0x1cf ./Core/Src/main.o
 .debug_macro   0x0001070b       0xff ./Core/Src/main.o
 .debug_macro   0x0001080a      0x33c ./Core/Src/main.o
 .debug_macro   0x00010b46      0x209 ./Core/Src/main.o
 .debug_macro   0x00010d4f      0x2c7 ./Core/Src/main.o
 .debug_macro   0x00011016      0x198 ./Core/Src/main.o
 .debug_macro   0x000111ae       0x43 ./Core/Src/main.o
 .debug_macro   0x000111f1      0x1f1 ./Core/Src/main.o
 .debug_macro   0x000113e2      0x1d6 ./Core/Src/main.o
 .debug_macro   0x000115b8      0x2a3 ./Core/Src/main.o
 .debug_macro   0x0001185b       0x28 ./Core/Src/main.o
 .debug_macro   0x00011883       0xcf ./Core/Src/main.o
 .debug_macro   0x00011952       0xff ./Core/Src/main.o
 .debug_macro   0x00011a51      0x10d ./Core/Src/main.o
 .debug_macro   0x00011b5e      0x412 ./Core/Src/main.o
 .debug_macro   0x00011f70      0x8f3 ./Core/Src/main.o
 .debug_macro   0x00012863      0x40f ./Core/Src/main.o
 .debug_macro   0x00012c72      0x12c ./Core/Src/main.o
 .debug_macro   0x00012d9e      0x131 ./Core/Src/main.o
 .debug_macro   0x00012ecf      0x177 ./Core/Src/main.o
 .debug_macro   0x00013046       0xd3 ./Core/Src/main.o
 .debug_macro   0x00013119      0x174 ./Core/Src/main.o
 .debug_macro   0x0001328d       0x5a ./Core/Src/main.o
 .debug_macro   0x000132e7      0x159 ./Core/Src/main.o
 .debug_macro   0x00013440       0x6a ./Core/Src/main.o
 .debug_macro   0x000134aa      0x21f ./Core/Src/stm32g0xx_hal_msp.o
 .debug_macro   0x000136c9      0x229 ./Core/Src/stm32g0xx_it.o
 .debug_macro   0x000138f2      0x1b7 ./Core/Src/system_stm32g0xx.o
 .debug_macro   0x00013aa9      0x1d5 ./Drivers/STM32G0xx_HAL_Driver/Src/stm32g0xx_hal.o
 .debug_macro   0x00013c7e      0x1b7 ./Drivers/STM32G0xx_HAL_Driver/Src/stm32g0xx_hal_cortex.o
 .debug_macro   0x00013e35      0x1c9 ./Drivers/STM32G0xx_HAL_Driver/Src/stm32g0xx_hal_pwr_ex.o
 .debug_macro   0x00013ffe      0x1f9 ./Drivers/STM32G0xx_HAL_Driver/Src/stm32g0xx_hal_rcc.o
 .debug_macro   0x000141f7      0x1cf ./Drivers/STM32G0xx_HAL_Driver/Src/stm32g0xx_hal_rcc_ex.o
 .debug_macro   0x000143c6      0x1f9 ./Drivers/STM32G0xx_HAL_Driver/Src/stm32g0xx_ll_gpio.o
 .debug_macro   0x000145bf      0x12b ./Drivers/STM32G0xx_HAL_Driver/Src/stm32g0xx_ll_gpio.o
 .debug_macro   0x000146ea      0x1df ./Drivers/STM32G0xx_HAL_Driver/Src/stm32g0xx_ll_rcc.o
 .debug_macro   0x000148c9      0x46a ./Drivers/STM32G0xx_HAL_Driver/Src/stm32g0xx_ll_rcc.o
 .debug_macro   0x00014d33      0x26e ./Drivers/STM32G0xx_HAL_Driver/Src/stm32g0xx_ll_tim.o
 .debug_macro   0x00014fa1      0x8ed ./Drivers/STM32G0xx_HAL_Driver/Src/stm32g0xx_ll_tim.o
 .debug_macro   0x0001588e      0x22d ./Drivers/STM32G0xx_HAL_Driver/Src/stm32g0xx_ll_usart.o
 .debug_macro   0x00015abb      0x409 ./Drivers/STM32G0xx_HAL_Driver/Src/stm32g0xx_ll_usart.o
 .debug_macro   0x00015ec4      0x260 ./Drivers/STM32G0xx_HAL_Driver/Src/stm32g0xx_ll_utils.o
 .debug_macro   0x00016124       0x54 ./Drivers/STM32G0xx_HAL_Driver/Src/stm32g0xx_ll_utils.o

.debug_line     0x00000000     0x9190
 .debug_line    0x00000000      0xe45 ./Core/Src/main.o
 .debug_line    0x00000e45      0x72c ./Core/Src/stm32g0xx_hal_msp.o
 .debug_line    0x00001571      0xb36 ./Core/Src/stm32g0xx_it.o
 .debug_line    0x000020a7      0x6cc ./Core/Src/system_stm32g0xx.o
 .debug_line    0x00002773       0x7b ./Core/Startup/startup_stm32g030f6px.o
 .debug_line    0x000027ee      0x987 ./Drivers/STM32G0xx_HAL_Driver/Src/stm32g0xx_hal.o
 .debug_line    0x00003175      0xaa7 ./Drivers/STM32G0xx_HAL_Driver/Src/stm32g0xx_hal_cortex.o
 .debug_line    0x00003c1c      0x89d ./Drivers/STM32G0xx_HAL_Driver/Src/stm32g0xx_hal_pwr_ex.o
 .debug_line    0x000044b9      0xe15 ./Drivers/STM32G0xx_HAL_Driver/Src/stm32g0xx_hal_rcc.o
 .debug_line    0x000052ce      0x9d9 ./Drivers/STM32G0xx_HAL_Driver/Src/stm32g0xx_hal_rcc_ex.o
 .debug_line    0x00005ca7      0x819 ./Drivers/STM32G0xx_HAL_Driver/Src/stm32g0xx_ll_gpio.o
 .debug_line    0x000064c0      0xc1b ./Drivers/STM32G0xx_HAL_Driver/Src/stm32g0xx_ll_rcc.o
 .debug_line    0x000070db      0xd58 ./Drivers/STM32G0xx_HAL_Driver/Src/stm32g0xx_ll_tim.o
 .debug_line    0x00007e33      0x89e ./Drivers/STM32G0xx_HAL_Driver/Src/stm32g0xx_ll_usart.o
 .debug_line    0x000086d1      0xabf ./Drivers/STM32G0xx_HAL_Driver/Src/stm32g0xx_ll_utils.o

.debug_str      0x00000000    0x83390
 .debug_str     0x00000000    0x7e333 ./Core/Src/main.o
                              0x7e981 (size before relaxing)
 .debug_str     0x0007e333       0x2c ./Core/Src/stm32g0xx_hal_msp.o
                              0x7e006 (size before relaxing)
 .debug_str     0x0007e35f      0x130 ./Core/Src/stm32g0xx_it.o
                              0x7e1e2 (size before relaxing)
 .debug_str     0x0007e48f       0x7e ./Core/Src/system_stm32g0xx.o
                              0x74dcc (size before relaxing)
 .debug_str     0x0007e50d       0x44 ./Core/Startup/startup_stm32g030f6px.o
                                 0x7a (size before relaxing)
 .debug_str     0x0007e551      0x47a ./Drivers/STM32G0xx_HAL_Driver/Src/stm32g0xx_hal.o
                              0x75457 (size before relaxing)
 .debug_str     0x0007e9cb      0x26d ./Drivers/STM32G0xx_HAL_Driver/Src/stm32g0xx_hal_cortex.o
                              0x7521e (size before relaxing)
 .debug_str     0x0007ec38      0x221 ./Drivers/STM32G0xx_HAL_Driver/Src/stm32g0xx_hal_pwr_ex.o
                              0x75020 (size before relaxing)
 .debug_str     0x0007ee59      0x4bc ./Drivers/STM32G0xx_HAL_Driver/Src/stm32g0xx_hal_rcc.o
                              0x754f0 (size before relaxing)
 .debug_str     0x0007f315      0x17b ./Drivers/STM32G0xx_HAL_Driver/Src/stm32g0xx_hal_rcc_ex.o
                              0x75108 (size before relaxing)
 .debug_str     0x0007f490      0x532 ./Drivers/STM32G0xx_HAL_Driver/Src/stm32g0xx_ll_gpio.o
                              0x75f7c (size before relaxing)
 .debug_str     0x0007f9c2      0x54f ./Drivers/STM32G0xx_HAL_Driver/Src/stm32g0xx_ll_rcc.o
                              0x75303 (size before relaxing)
 .debug_str     0x0007ff11     0x1d58 ./Drivers/STM32G0xx_HAL_Driver/Src/stm32g0xx_ll_tim.o
                              0x7b66d (size before relaxing)
 .debug_str     0x00081c69      0xa48 ./Drivers/STM32G0xx_HAL_Driver/Src/stm32g0xx_ll_usart.o
                              0x77829 (size before relaxing)
 .debug_str     0x000826b1      0xcdf ./Drivers/STM32G0xx_HAL_Driver/Src/stm32g0xx_ll_utils.o
                              0x76cf0 (size before relaxing)

.comment        0x00000000       0x43
 .comment       0x00000000       0x43 ./Core/Src/main.o
                                 0x44 (size before relaxing)
 .comment       0x00000043       0x44 ./Core/Src/stm32g0xx_hal_msp.o
 .comment       0x00000043       0x44 ./Core/Src/stm32g0xx_it.o
 .comment       0x00000043       0x44 ./Core/Src/system_stm32g0xx.o
 .comment       0x00000043       0x44 ./Drivers/STM32G0xx_HAL_Driver/Src/stm32g0xx_hal.o
 .comment       0x00000043       0x44 ./Drivers/STM32G0xx_HAL_Driver/Src/stm32g0xx_hal_cortex.o
 .comment       0x00000043       0x44 ./Drivers/STM32G0xx_HAL_Driver/Src/stm32g0xx_hal_pwr_ex.o
 .comment       0x00000043       0x44 ./Drivers/STM32G0xx_HAL_Driver/Src/stm32g0xx_hal_rcc.o
 .comment       0x00000043       0x44 ./Drivers/STM32G0xx_HAL_Driver/Src/stm32g0xx_hal_rcc_ex.o
 .comment       0x00000043       0x44 ./Drivers/STM32G0xx_HAL_Driver/Src/stm32g0xx_ll_gpio.o
 .comment       0x00000043       0x44 ./Drivers/STM32G0xx_HAL_Driver/Src/stm32g0xx_ll_rcc.o
 .comment       0x00000043       0x44 ./Drivers/STM32G0xx_HAL_Driver/Src/stm32g0xx_ll_tim.o
 .comment       0x00000043       0x44 ./Drivers/STM32G0xx_HAL_Driver/Src/stm32g0xx_ll_usart.o
 .comment       0x00000043       0x44 ./Drivers/STM32G0xx_HAL_Driver/Src/stm32g0xx_ll_utils.o

.debug_frame    0x00000000     0x2170
 .debug_frame   0x00000000      0x3e0 ./Core/Src/main.o
 .debug_frame   0x000003e0       0x30 ./Core/Src/stm32g0xx_hal_msp.o
 .debug_frame   0x00000410      0x1f8 ./Core/Src/stm32g0xx_it.o
 .debug_frame   0x00000608       0x4c ./Core/Src/system_stm32g0xx.o
 .debug_frame   0x00000654      0x360 ./Drivers/STM32G0xx_HAL_Driver/Src/stm32g0xx_hal.o
 .debug_frame   0x000009b4      0x33c ./Drivers/STM32G0xx_HAL_Driver/Src/stm32g0xx_hal_cortex.o
 .debug_frame   0x00000cf0      0x1f4 ./Drivers/STM32G0xx_HAL_Driver/Src/stm32g0xx_hal_pwr_ex.o
 .debug_frame   0x00000ee4      0x214 ./Drivers/STM32G0xx_HAL_Driver/Src/stm32g0xx_hal_rcc.o
 .debug_frame   0x000010f8       0xb0 ./Drivers/STM32G0xx_HAL_Driver/Src/stm32g0xx_hal_rcc_ex.o
 .debug_frame   0x000011a8      0x170 ./Drivers/STM32G0xx_HAL_Driver/Src/stm32g0xx_ll_gpio.o
 .debug_frame   0x00001318      0x428 ./Drivers/STM32G0xx_HAL_Driver/Src/stm32g0xx_ll_rcc.o
 .debug_frame   0x00001740      0x4d0 ./Drivers/STM32G0xx_HAL_Driver/Src/stm32g0xx_ll_tim.o
 .debug_frame   0x00001c10      0x1d0 ./Drivers/STM32G0xx_HAL_Driver/Src/stm32g0xx_ll_usart.o
 .debug_frame   0x00001de0      0x324 ./Drivers/STM32G0xx_HAL_Driver/Src/stm32g0xx_ll_utils.o
 .debug_frame   0x00002104       0x20 /opt/st/stm32cubeide_1.16.0/plugins/com.st.stm32cube.ide.mcu.externaltools.gnu-tools-for-stm32.12.3.rel1.linux64_1.0.200.202406132123/tools/bin/../lib/gcc/arm-none-eabi/12.3.1/../../../../arm-none-eabi/lib/thumb/v6-m/nofp/libc_nano.a(libc_a-memset.o)
 .debug_frame   0x00002124       0x2c /opt/st/stm32cubeide_1.16.0/plugins/com.st.stm32cube.ide.mcu.externaltools.gnu-tools-for-stm32.12.3.rel1.linux64_1.0.200.202406132123/tools/bin/../lib/gcc/arm-none-eabi/12.3.1/../../../../arm-none-eabi/lib/thumb/v6-m/nofp/libc_nano.a(libc_a-init.o)
 .debug_frame   0x00002150       0x20 /opt/st/stm32cubeide_1.16.0/plugins/com.st.stm32cube.ide.mcu.externaltools.gnu-tools-for-stm32.12.3.rel1.linux64_1.0.200.202406132123/tools/bin/../lib/gcc/arm-none-eabi/12.3.1/thumb/v6-m/nofp/libgcc.a(_udivsi3.o)

.debug_line_str
                0x00000000       0x5e
 .debug_line_str
                0x00000000       0x5e ./Core/Startup/startup_stm32g030f6px.o
