../Core/Inc/core_cm0plus.h:741:22:__NVIC_EnableIRQ	16	static,ignoring_inline_asm
../Core/Inc/core_cm0plus.h:850:22:__NVIC_SetPriority	24	static
../Drivers/STM32G0xx_HAL_Driver/Inc/stm32g0xx_ll_tim.h:1586:22:LL_TIM_EnableCounter	16	static
../Drivers/STM32G0xx_HAL_Driver/Inc/stm32g0xx_ll_tim.h:1766:22:LL_TIM_EnableARRPreload	16	static
../Drivers/STM32G0xx_HAL_Driver/Inc/stm32g0xx_ll_tim.h:4625:22:LL_TIM_EnableIT_UPDATE	16	static
../Drivers/STM32G0xx_HAL_Driver/Inc/stm32g0xx_ll_usart.h:634:22:LL_USART_Enable	16	static
../Drivers/STM32G0xx_HAL_Driver/Inc/stm32g0xx_ll_usart.h:685:22:LL_USART_DisableFIFO	16	static
../Drivers/STM32G0xx_HAL_Driver/Inc/stm32g0xx_ll_usart.h:718:22:LL_USART_SetTXFIFOThreshold	32	static,ignoring_inline_asm
../Drivers/STM32G0xx_HAL_Driver/Inc/stm32g0xx_ll_usart.h:757:22:LL_USART_SetRXFIFOThreshold	32	static,ignoring_inline_asm
../Drivers/STM32G0xx_HAL_Driver/Inc/stm32g0xx_ll_usart.h:2673:22:LL_USART_ConfigAsyncMode	16	static
../Drivers/STM32G0xx_HAL_Driver/Inc/stm32g0xx_ll_usart.h:3193:26:LL_USART_IsActiveFlag_TEACK	16	static
../Drivers/STM32G0xx_HAL_Driver/Inc/stm32g0xx_ll_usart.h:3204:26:LL_USART_IsActiveFlag_REACK	16	static
../Drivers/STM32G0xx_HAL_Driver/Inc/stm32g0xx_ll_usart.h:3478:22:LL_USART_EnableIT_RXNE_RXFNE	32	static,ignoring_inline_asm
../Drivers/STM32G0xx_HAL_Driver/Inc/stm32g0xx_ll_gpio.h:857:22:LL_GPIO_SetOutputPin	16	static
../Drivers/STM32G0xx_HAL_Driver/Inc/stm32g0xx_ll_gpio.h:886:22:LL_GPIO_ResetOutputPin	16	static
../Drivers/STM32G0xx_HAL_Driver/Inc/stm32g0xx_ll_bus.h:467:22:LL_APB1_GRP1_EnableClock	24	static
../Drivers/STM32G0xx_HAL_Driver/Inc/stm32g0xx_ll_bus.h:921:22:LL_APB2_GRP1_EnableClock	24	static
../Drivers/STM32G0xx_HAL_Driver/Inc/stm32g0xx_ll_bus.h:1135:22:LL_IOP_GRP1_EnableClock	24	static
../Core/Src/main.c:39:6:USART1_Send	16	static
../Core/Src/main.c:44:6:Send_String_To_PC	24	static
../Core/Src/main.c:50:6:USART2_Send	16	static
../Core/Src/main.c:55:6:Send_String_To_TRX	24	static
../Core/Src/main.c:61:6:ResetAllOuts	8	static
../Core/Src/main.c:71:6:SetOutput	8	static
../Core/Src/main.c:144:5:main	8	static
../Core/Src/main.c:213:6:SystemClock_Config	88	static
../Core/Src/main.c:254:13:MX_TIM14_Init	32	static
../Core/Src/main.c:290:13:MX_USART1_UART_Init	96	static
../Core/Src/main.c:382:13:MX_USART2_UART_Init	72	static
../Core/Src/main.c:461:13:MX_GPIO_Init	32	static
../Core/Src/main.c:572:6:Error_Handler	8	static,ignoring_inline_asm
