../Core/Inc/core_cm0plus.h:741:22:__NVIC_EnableIRQ	2
../Core/Inc/core_cm0plus.h:850:22:__NVIC_SetPriority	2
../Drivers/STM32G0xx_HAL_Driver/Inc/stm32g0xx_ll_tim.h:1586:22:LL_TIM_EnableCounter	1
../Drivers/STM32G0xx_HAL_Driver/Inc/stm32g0xx_ll_tim.h:1766:22:LL_TIM_EnableARRPreload	1
../Drivers/STM32G0xx_HAL_Driver/Inc/stm32g0xx_ll_tim.h:4625:22:LL_TIM_EnableIT_UPDATE	1
../Drivers/STM32G0xx_HAL_Driver/Inc/stm32g0xx_ll_usart.h:634:22:LL_USART_Enable	1
../Drivers/STM32G0xx_HAL_Driver/Inc/stm32g0xx_ll_usart.h:685:22:LL_USART_DisableFIFO	1
../Drivers/STM32G0xx_HAL_Driver/Inc/stm32g0xx_ll_usart.h:718:22:LL_USART_SetTXFIFOThreshold	1
../Drivers/STM32G0xx_HAL_Driver/Inc/stm32g0xx_ll_usart.h:757:22:LL_USART_SetRXFIFOThreshold	1
../Drivers/STM32G0xx_HAL_Driver/Inc/stm32g0xx_ll_usart.h:2673:22:LL_USART_ConfigAsyncMode	1
../Drivers/STM32G0xx_HAL_Driver/Inc/stm32g0xx_ll_usart.h:3193:26:LL_USART_IsActiveFlag_TEACK	2
../Drivers/STM32G0xx_HAL_Driver/Inc/stm32g0xx_ll_usart.h:3204:26:LL_USART_IsActiveFlag_REACK	2
../Drivers/STM32G0xx_HAL_Driver/Inc/stm32g0xx_ll_usart.h:3478:22:LL_USART_EnableIT_RXNE_RXFNE	1
../Drivers/STM32G0xx_HAL_Driver/Inc/stm32g0xx_ll_gpio.h:857:22:LL_GPIO_SetOutputPin	1
../Drivers/STM32G0xx_HAL_Driver/Inc/stm32g0xx_ll_gpio.h:886:22:LL_GPIO_ResetOutputPin	1
../Drivers/STM32G0xx_HAL_Driver/Inc/stm32g0xx_ll_bus.h:467:22:LL_APB1_GRP1_EnableClock	1
../Drivers/STM32G0xx_HAL_Driver/Inc/stm32g0xx_ll_bus.h:921:22:LL_APB2_GRP1_EnableClock	1
../Drivers/STM32G0xx_HAL_Driver/Inc/stm32g0xx_ll_bus.h:1135:22:LL_IOP_GRP1_EnableClock	1
../Core/Src/main.c:39:6:USART1_Send	2
../Core/Src/main.c:44:6:Send_String_To_PC	2
../Core/Src/main.c:50:6:USART2_Send	2
../Core/Src/main.c:55:6:Send_String_To_TRX	2
../Core/Src/main.c:61:6:ResetAllOuts	1
../Core/Src/main.c:71:6:SetOutput	12
../Core/Src/main.c:144:5:main	3
../Core/Src/main.c:213:6:SystemClock_Config	3
../Core/Src/main.c:254:13:MX_TIM14_Init	1
../Core/Src/main.c:290:13:MX_USART1_UART_Init	4
../Core/Src/main.c:382:13:MX_USART2_UART_Init	3
../Core/Src/main.c:461:13:MX_GPIO_Init	1
../Core/Src/main.c:572:6:Error_Handler	1
